Archive member included because of file (symbol)

../.obj/libcrt.a(string.o)    ./.out/dschedu.o (memcpy)
../.obj/libcrt.a(stdlib.o)    ./.out/dprintk.o (vsprintf)
../.obj/libcrt.a(avl.o)       ./.out/dinode.o (avl_find)
../.obj/libcrt.a(bits.o)      ./.out/dcache.o (bitset)

Allocating common symbols
Common symbol       size              file

Init                0x850             ./.out/dschedu.o
Pinit               0x1060            ./.out/dschedu.o
avlmoduletree       0x14              ./.out/dmodule.o

Discarded input sections

 .note.GNU-stack
                0x0000000000000000        0x0 ./.out/dioport.o
 .note.GNU-stack
                0x0000000000000000        0x0 ./.out/dkmain.o
 .note.GNU-stack
                0x0000000000000000        0x0 ./.out/dint.o
 .note.GNU-stack
                0x0000000000000000        0x0 ./.out/dkio.o
 .note.GNU-stack
                0x0000000000000000        0x0 ./.out/dprintk.o
 .note.GNU-stack
                0x0000000000000000        0x0 ./.out/dschedu.o
 .note.GNU-stack
                0x0000000000000000        0x0 ./.out/d8259a.o
 .note.GNU-stack
                0x0000000000000000        0x0 ./.out/d8042.o
 .note.GNU-stack
                0x0000000000000000        0x0 ./.out/ddevice.o
 .note.GNU-stack
                0x0000000000000000        0x0 ./.out/dsignal.o
 .note.GNU-stack
                0x0000000000000000        0x0 ./.out/dmodule.o
 .note.GNU-stack
                0x0000000000000000        0x0 ./.out/dexec.o
 .note.GNU-stack
                0x0000000000000000        0x0 ./.out/dvfs.o
 .note.GNU-stack
                0x0000000000000000        0x0 ./.out/dtime.o
 .note.GNU-stack
                0x0000000000000000        0x0 ./.out/dinode.o
 .note.GNU-stack
                0x0000000000000000        0x0 ./.out/dcache.o
 .note.GNU-stack
                0x0000000000000000        0x0 ./.out/dpath.o
 .note.GNU-stack
                0x0000000000000000        0x0 ../drivers/.out/dide.o
 .note.GNU-stack
                0x0000000000000000        0x0 ../drivers/.out/dkeyboard.o
 .note.GNU-stack
                0x0000000000000000        0x0 ../drivers/.out/dtty.o
 .note.GNU-stack
                0x0000000000000000        0x0 ../fs/mfs/.out/dfile.o
 .note.GNU-stack
                0x0000000000000000        0x0 ../fs/mfs/.out/dinode.o
 .note.GNU-stack
                0x0000000000000000        0x0 ../fs/mfs/.out/dcluster.o
 .note.GNU-stack
                0x0000000000000000        0x0 ../fs/mfs/.out/ddir.o
 .note.GNU-stack
                0x0000000000000000        0x0 ../mm/dkmalloc.o
 .note.GNU-stack
                0x0000000000000000        0x0 ../mm/dpage.o
 .note.GNU-stack
                0x0000000000000000        0x0 ../.obj/libcrt.a(string.o)
 .note.GNU-stack
                0x0000000000000000        0x0 ../.obj/libcrt.a(stdlib.o)
 .note.GNU-stack
                0x0000000000000000        0x0 ../.obj/libcrt.a(avl.o)
 .note.GNU-stack
                0x0000000000000000        0x0 ../.obj/libcrt.a(bits.o)

Memory Configuration

Name             Origin             Length             Attributes
*default*        0x0000000000000000 0xffffffffffffffff

Linker script and memory map

LOAD ./.out/dioport.o
LOAD ./.out/d_start.o
LOAD ./.out/dkmain.o
LOAD ./.out/dfool.o
LOAD ./.out/dint.o
LOAD ./.out/dkio.o
LOAD ./.out/dkroute.o
LOAD ./.out/dprintk.o
LOAD ./.out/dschedu.o
LOAD ./.out/d8259a.o
LOAD ./.out/d8042.o
LOAD ./.out/ddevice.o
LOAD ./.out/dsignal.o
LOAD ./.out/dmodule.o
LOAD ./.out/dexec.o
LOAD ./.out/dvfs.o
LOAD ./.out/dtime.o
LOAD ./.out/dinode.o
LOAD ./.out/dcache.o
LOAD ./.out/dpath.o
LOAD ../drivers/.out/dide.o
LOAD ../drivers/.out/dkeyboard.o
LOAD ../drivers/.out/dtty.o
LOAD ../fs/mfs/.out/dfile.o
LOAD ../fs/mfs/.out/dinode.o
LOAD ../fs/mfs/.out/dcluster.o
LOAD ../fs/mfs/.out/ddir.o
LOAD ../mm/dkmalloc.o
LOAD ../mm/dpage.o
LOAD ../.obj/libcrt.a
Address of section .text set to 0x1001000
                0x0000000008048000                PROVIDE (__executable_start, 0x8048000)
                0x0000000008048094                . = (0x8048000 + SIZEOF_HEADERS)

.interp
 *(.interp)

.note.gnu.build-id
 *(.note.gnu.build-id)

.hash
 *(.hash)

.gnu.hash
 *(.gnu.hash)

.dynsym
 *(.dynsym)

.dynstr
 *(.dynstr)

.gnu.version
 *(.gnu.version)

.gnu.version_d
 *(.gnu.version_d)

.gnu.version_r
 *(.gnu.version_r)

.rel.dyn        0x0000000008048094        0x0
 *(.rel.init)
 *(.rel.text .rel.text.* .rel.gnu.linkonce.t.*)
 .rel.text      0x0000000000000000        0x0 ./.out/dioport.o
 *(.rel.fini)
 *(.rel.rodata .rel.rodata.* .rel.gnu.linkonce.r.*)
 *(.rel.data.rel.ro* .rel.gnu.linkonce.d.rel.ro.*)
 *(.rel.data .rel.data.* .rel.gnu.linkonce.d.*)
 .rel.data      0x0000000000000000        0x0 ./.out/dioport.o
 *(.rel.tdata .rel.tdata.* .rel.gnu.linkonce.td.*)
 *(.rel.tbss .rel.tbss.* .rel.gnu.linkonce.tb.*)
 *(.rel.ctors)
 *(.rel.dtors)
 *(.rel.got)
 *(.rel.bss .rel.bss.* .rel.gnu.linkonce.b.*)
 *(.rel.ifunc)

.rel.plt        0x0000000008048094        0x0
 *(.rel.plt)
                0x0000000008048094                PROVIDE (__rel_iplt_start, .)
 *(.rel.iplt)
 .rel.iplt      0x0000000000000000        0x0 ./.out/dioport.o
                0x0000000008048094                PROVIDE (__rel_iplt_end, .)

.init
 *(.init)

.plt            0x00000000080480a0        0x0
 *(.plt)
 *(.iplt)
 .iplt          0x0000000000000000        0x0 ./.out/dioport.o

.text           0x0000000001001000     0x8f45
 *(.text.unlikely .text.*_unlikely)
 *(.text.exit .text.exit.*)
 *(.text.startup .text.startup.*)
 *(.text.hot .text.hot.*)
 *(.text .stub .text.* .gnu.linkonce.t.*)
 .text          0x0000000001001000      0x287 ./.out/dioport.o
                0x0000000001001036                ioport_region_check
                0x00000000010010f8                ioport_region_register
                0x00000000010011bc                ioport_region_unregister
 *fill*         0x0000000001001287        0x9 90909090
 .text          0x0000000001001290       0x49 ./.out/d_start.o
                0x0000000001001290                _start
 *fill*         0x00000000010012d9        0x3 90909090
 .text          0x00000000010012dc      0x334 ./.out/dkmain.o
                0x00000000010012dc                kmain
                0x00000000010013da                mkdescriptor
                0x0000000001001446                seg2phys
                0x0000000001001495                doshift
 .text          0x0000000001001610      0x1bc ./.out/dfool.o
                0x0000000001001610                asm_set_ds
                0x000000000100161e                asm_set_es
                0x000000000100162c                asm_set_gs
                0x000000000100163a                asm_set_fs
                0x0000000001001648                asm_lidt
                0x0000000001001651                asm_ltr
                0x0000000001001660                asm_sgdt
                0x0000000001001669                asm_sti
                0x000000000100166b                asm_cli
                0x000000000100166d                asm_hlt
                0x000000000100166f                asm_inb
                0x000000000100167f                asm_inw
                0x000000000100168e                asm_ind
                0x000000000100169c                asm_insb
                0x00000000010016af                asm_insw
                0x00000000010016c3                asm_insd
                0x00000000010016d6                asm_outb
                0x00000000010016e9                asm_outw
                0x00000000010016fe                asm_outd
                0x0000000001001711                asm_outsb
                0x0000000001001724                asm_outsw
                0x0000000001001738                asm_outsd
                0x000000000100174b                asm_inputs
                0x0000000001001766                asm_outputs
                0x0000000001001781                asm_save_exp_irq
                0x0000000001001782                asm_save_hw_irq
                0x0000000001001783                asm_rdtsc
                0x0000000001001786                asm_cr3
                0x0000000001001793                asm_enable_paging
                0x00000000010017a1                asm_readcmos
 .text          0x00000000010017cc      0xa58 ./.out/dint.o
                0x00000000010017cc                sti
                0x00000000010017ef                cli
                0x0000000001001813                _exphandle8_
                0x000000000100184a                irqrouterinit
                0x0000000001001cf6                unrouted_handle
                0x0000000001001d6c                irq_routehandle
                0x0000000001001dcc                exp_routehandle
                0x0000000001001e48                hwregistehandle
                0x0000000001001ea6                hwunregistehandle
                0x0000000001001f28                expregistehandle
                0x0000000001001f7a                expunregistehandle
                0x0000000001001ffc                init_idt_desc
                0x000000000100206c                loadidtr
                0x0000000001002080                sys_call_handle
                0x0000000001002122                sys_process
                0x000000000100212c                sys_file
 .text          0x0000000001002224      0x566 ./.out/dkio.o
                0x000000000100225a                kopen_archive
                0x0000000001002400                kopen_in_core
                0x0000000001002486                kopen_new
                0x0000000001002683                kopen
                0x00000000010026c5                kseek
                0x0000000001002700                ktell
                0x000000000100270a                kread
                0x0000000001002745                kwrite
                0x0000000001002780                kclose
 *fill*         0x000000000100278a        0x6 90909090
 .text          0x0000000001002790     0x1127 ./.out/dkroute.o
                0x0000000001002790                divide_error
                0x0000000001002820                single_step_exception
                0x00000000010028b0                nmi
                0x0000000001002940                breakpoint_exception
                0x00000000010029d0                overflow
                0x0000000001002a60                bounds_check
                0x0000000001002af0                inval_opcode
                0x0000000001002b80                copr_not_available
                0x0000000001002c10                double_fault
                0x0000000001002ca1                copr_seg_overrun
                0x0000000001002d31                inval_tss
                0x0000000001002dc2                segment_not_present
                0x0000000001002e53                stack_exception
                0x0000000001002ee4                general_protection
                0x0000000001002f75                page_fault
                0x0000000001003006                copr_error
                0x0000000001003096                clock_hwint00
                0x0000000001003110                keyboard_hwint01
                0x000000000100318a                cascade_hwint02
                0x0000000001003204                second_serial_hwint03
                0x000000000100327e                first_serial_hwint04
                0x00000000010032f8                XT_winchester_hwint05
                0x0000000001003372                floppy_hwint06
                0x00000000010033ec                printer_hwint07
                0x0000000001003466                realtime_clock_hwint08
                0x00000000010034e0                irq_2_redirected_hwint09
                0x000000000100355a                irq_10_hwint10
                0x00000000010035d4                irq_11_hwint11
                0x000000000100364e                PS_2_mourse_hwint12
                0x00000000010036c8                FPU_exception_hwint13
                0x0000000001003742                IDE0_hwint14
                0x00000000010037bc                IDE1_hwint15
                0x0000000001003836                asm_sys_call
                0x0000000001003891                asm_restart
 *fill*         0x00000000010038b7        0x1 90909090
 .text          0x00000000010038b8      0x427 ./.out/dprintk.o
                0x00000000010038b8                printk
                0x000000000100396f                kprintf
                0x00000000010039cb                vprintk
                0x0000000001003c50                setcursor
 *fill*         0x0000000001003cdf        0x1 90909090
 .text          0x0000000001003ce0      0x52b ./.out/dschedu.o
                0x0000000001003ce0                kschedu
                0x0000000001003ce5                kscheduinit
                0x0000000001003e0e                save_stack_fram
                0x0000000001003e38                restor_stack_fram
                0x0000000001003e61                check_taskfile
                0x0000000001003f67                check_taskfile_ex
                0x0000000001003f9e                set_taskfile
                0x0000000001004162                file_threadregister
 *fill*         0x000000000100420b        0x1 90909090
 .text          0x000000000100420c      0x1e2 ./.out/d8259a.o
                0x000000000100420c                init8259A
                0x00000000010042dc                _8259Asti
                0x0000000001004366                _8259Acli
 *fill*         0x00000000010043ee        0x2 90909090
 .text          0x00000000010043f0      0x1c8 ./.out/d8042.o
                0x00000000010043f0                init8042
                0x0000000001004404                _8042readscancode
                0x0000000001004418                _8042cmdmourse
                0x0000000001004434                _8042setresolution1x1
                0x0000000001004455                _8042setresolution2x1
                0x0000000001004476                _8042setresolution
                0x00000000010044b1                _8042getmourseinfo
                0x000000000100451a                _8042setled
                0x0000000001004553                _8042detect
                0x000000000100457b                _8042keyboardenable
                0x0000000001004597                _8042mourseenable
 .text          0x00000000010045b8       0xa6 ./.out/ddevice.o
                0x00000000010045b8                register_driver
                0x0000000001004601                unregister_driver
                0x000000000100463f                get_driver
 *fill*         0x000000000100465e        0x2 90909090
 .text          0x0000000001004660       0x96 ./.out/dsignal.o
                0x0000000001004660                createmutex
                0x000000000100466a                destroymutex
                0x0000000001004674                waitformutex
                0x00000000010046ab                releasemutex
                0x00000000010046e2                wait
                0x00000000010046ec                signal
 *fill*         0x00000000010046f6        0x2 90909090
 .text          0x00000000010046f8       0x14 ./.out/dmodule.o
                0x00000000010046f8                insmod
                0x0000000001004702                rmmod
 .text          0x000000000100470c      0x365 ./.out/dexec.o
                0x000000000100470c                do_exec
                0x0000000001004716                create_initprocess
                0x000000000100496f                run_initprocess
                0x0000000001004991                extractkernelpacket
 *fill*         0x0000000001004a71        0x3 90909090
 .text          0x0000000001004a74      0x869 ./.out/dvfs.o
                0x0000000001004a74                init_rootfs
                0x0000000001004c3e                registe_filesystem
                0x0000000001004cde                unregister_filesystem
                0x0000000001004d51                fs_search
                0x0000000001004db5                vfs_checkmntpoint
                0x0000000001004e77                vfs_checkdevice
                0x0000000001004f3a                vfs_chroot
                0x0000000001005099                vfs_domount
                0x0000000001005210                vfs_umount
                0x000000000100521a                vfs_getmntpoint
 *fill*         0x00000000010052dd        0x3 90909090
 .text          0x00000000010052e0      0x188 ./.out/dtime.o
                0x00000000010052e0                getsystime
 .text          0x0000000001005468      0x166 ./.out/dinode.o
                0x0000000001005468                k_avl_comp_func
                0x0000000001005482                inode_addinto
                0x00000000010054ed                inode_rm
                0x0000000001005566                inode_search
 *fill*         0x00000000010055ce        0x2 90909090
 .text          0x00000000010055d0      0x2cb ./.out/dcache.o
                0x00000000010055d0                kcache_create
                0x000000000100567f                kcache_destroy
                0x00000000010056b3                kcache_malloc
                0x0000000001005769                kcache_free
                0x00000000010057dd                cache_init
                0x000000000100583d                kinode_cache_alloc
                0x0000000001005851                kfile_cache_alloc
                0x0000000001005865                kinode_cache_free
                0x0000000001005880                kfile_cache_free
 *fill*         0x000000000100589b        0x1 90909090
 .text          0x000000000100589c      0x1d7 ./.out/dpath.o
                0x000000000100589c                convert_path
                0x000000000100598a                convert_device_path
 *fill*         0x0000000001005a73        0x1 90909090
 .text          0x0000000001005a74     0x1538 ../drivers/.out/dide.o
                0x0000000001005a74                ide0_handle
                0x0000000001005adf                ide1_handle
                0x0000000001005b4a                ide_wait_interrupt
                0x0000000001005bea                ide_wait_status
                0x0000000001005c8c                ide_exec_cmd
                0x0000000001005deb                ide_read_sct
                0x0000000001005fbc                ide_write_sct
                0x00000000010061a4                ide_struct_alloc
                0x000000000100621a                ide_device_scan_partation
                0x00000000010064ab                ide_device_scan
                0x0000000001006990                ide_open
                0x000000000100699a                ide_ioctl
                0x00000000010069a4                ide_read
                0x0000000001006b0b                ide_write
                0x0000000001006c72                ide_seek
                0x0000000001006c7c                ide_c_read
                0x0000000001006dd6                ide_c_write
                0x0000000001006f65                ide_init
 .text          0x0000000001006fac      0x146 ../drivers/.out/dkeyboard.o
                0x0000000001006fac                initializekeyboard
                0x0000000001006fea                keyboardhandle
 *fill*         0x00000000010070f2        0x2 90909090
 .text          0x00000000010070f4      0x7f6 ../drivers/.out/dtty.o
                0x00000000010070f4                tty_open
                0x00000000010070fe                tty_ioctl
                0x0000000001007108                tty_read
                0x000000000100713c                tty_write
                0x0000000001007170                stdin_open
                0x0000000001007197                stdin_read
                0x00000000010071c5                stdout_open
                0x00000000010071ec                stdout_write
                0x000000000100721a                stderror_open
                0x0000000001007241                stderror_write
                0x000000000100726f                tty_determin
                0x00000000010072c8                tty_scrollup
                0x00000000010072d2                tty_scrolldown
                0x00000000010072dc                tty_dowrite
                0x000000000100754c                tty_doread
                0x00000000010075d2                tty_switch
                0x00000000010076f7                tty_getkeyinput
                0x0000000001007726                tty_init
 *fill*         0x00000000010078ea        0x2 90909090
 .text          0x00000000010078ec      0x2bd ../fs/mfs/.out/dfile.o
                0x00000000010078ec                mfscore_cache_alloc
                0x0000000001007900                mfscore_cache_free
                0x000000000100791b                mfs_initialize
                0x000000000100795b                mfs_open_new
                0x0000000001007980                mfs_open
                0x00000000010079e7                mfs_read
                0x00000000010079f1                mfs_write
                0x00000000010079fb                mfs_seek
                0x0000000001007a05                mfs_mkfs
                0x0000000001007b95                mfs_mount
                0x0000000001007b9f                mfs_unmount
 *fill*         0x0000000001007ba9        0x3 90909090
 .text          0x0000000001007bac      0x22b ../fs/mfs/.out/dinode.o
                0x0000000001007bac                mfs_mkdir
                0x0000000001007bb6                mfs_rmdir
                0x0000000001007bc0                mfs_rm
                0x0000000001007bca                mfs_mknode
                0x0000000001007bd4                mfs_lookup
                0x0000000001007bde                mfs_searchincluster
                0x0000000001007d3c                mfs_checknode
 *fill*         0x0000000001007dd7        0x1 90909090
 .text          0x0000000001007dd8       0x32 ../fs/mfs/.out/dcluster.o
                0x0000000001007dd8                cluster_read_cmap
                0x0000000001007de2                cluster_alloc
                0x0000000001007dec                cluster_free
                0x0000000001007e00                cluster_flush_cmap
 *fill*         0x0000000001007e0a        0x2 90909090
 .text          0x0000000001007e0c        0x0 ../fs/mfs/.out/ddir.o
 .text          0x0000000001007e0c       0x4a ../mm/dkmalloc.o
                0x0000000001007e0c                kmalloc
                0x0000000001007e51                kfree
 *fill*         0x0000000001007e56        0x2 90909090
 .text          0x0000000001007e58      0x8bf ../mm/dpage.o
                0x0000000001007ed4                startpage
                0x0000000001007fca                allocpage
                0x0000000001008012                freepage
                0x000000000100802e                pmap
                0x0000000001008132                publicmap16M2to32M
                0x000000000100819d                allocspace
                0x0000000001008292                cp2user
                0x000000000100836c                cpfromuser
                0x0000000001008446                strncpfromuser
                0x000000000100852d                strncp2user
                0x0000000001008614                cpbyte2user
                0x0000000001008643                cpword2user
                0x0000000001008673                cpdword2user
                0x000000000100869c                cpbytefromuser
                0x00000000010086c5                cpwordfromuser
                0x00000000010086ee                cpdwordfromuser
 *fill*         0x0000000001008717        0x1 90909090
 .text          0x0000000001008718      0x4db ../.obj/libcrt.a(string.o)
                0x0000000001008718                memcpy
                0x0000000001008756                memmove
                0x00000000010087e1                memset
                0x000000000100881a                strcat
                0x0000000001008867                strcmp
                0x00000000010088b2                strcpy
                0x00000000010088eb                strlen
                0x0000000001008919                strncmp
                0x0000000001008973                strncpy
                0x00000000010089bb                strnlen
                0x00000000010089f4                strstr
                0x0000000001008a85                tolower
                0x0000000001008ad9                tonlower
                0x0000000001008b3c                tonupper
                0x0000000001008b9f                toupper
 *fill*         0x0000000001008bf3        0x1 90909090
 .text          0x0000000001008bf4      0x89f ../.obj/libcrt.a(stdlib.o)
                0x0000000001008bf4                atoi
                0x0000000001008d93                itoa
                0x0000000001008ec5                itox
                0x0000000001008f74                itob
                0x0000000001008fbe                atoll
                0x0000000001009236                lltoa
                0x000000000100924f                lltox
                0x0000000001009268                var_arg
                0x00000000010092b9                vsprintf
                0x0000000001009455                sprintf
 *fill*         0x0000000001009493        0x1 90909090
 .text          0x0000000001009494      0x95f ../.obj/libcrt.a(avl.o)
                0x0000000001009494                avl_find
                0x00000000010094fc                avl_probe
                0x000000000100987c                avl_insert
                0x00000000010098b5                avl_replace
                0x00000000010098fc                avl_delete
 *fill*         0x0000000001009df3        0x1 90909090
 .text          0x0000000001009df4      0x151 ../.obj/libcrt.a(bits.o)
                0x0000000001009df4                bitset
                0x0000000001009e29                bitclean
                0x0000000001009e5a                bitsset
                0x0000000001009e5f                bitsclean
                0x0000000001009e6d                bitread
                0x0000000001009e97                bitrevers
                0x0000000001009ecc                test0andset
                0x0000000001009f08                test1andset
 *(.gnu.warning)

.fini
 *(.fini)
                0x0000000001009f45                PROVIDE (__etext, .)
                0x0000000001009f45                PROVIDE (_etext, .)
                0x0000000001009f45                PROVIDE (etext, .)

.rodata         0x0000000001009f60      0x5b9
 *(.rodata .rodata.* .gnu.linkonce.r.*)
 .rodata        0x0000000001009f60       0x70 ./.out/dkmain.o
 .rodata        0x0000000001009fd0       0xb4 ./.out/dint.o
 .rodata        0x000000000100a084        0xa ./.out/dprintk.o
 .rodata        0x000000000100a08e       0x29 ./.out/dschedu.o
 .rodata        0x000000000100a0b7       0x19 ./.out/dsignal.o
 .rodata        0x000000000100a0d0       0x52 ./.out/dexec.o
 .rodata        0x000000000100a122        0x2 ./.out/dvfs.o
 .rodata        0x000000000100a124      0x2ef ../drivers/.out/dide.o
 *fill*         0x000000000100a413        0x1 00
 .rodata        0x000000000100a414       0x40 ../drivers/.out/dkeyboard.o
 .rodata        0x000000000100a454       0x4b ../drivers/.out/dtty.o
 *fill*         0x000000000100a49f        0x1 00
 .rodata        0x000000000100a4a0       0x60 ../fs/mfs/.out/dfile.o
                0x000000000100a4c0                mfs_clustercnt
 .rodata        0x000000000100a500        0xd ../mm/dpage.o
 .rodata        0x000000000100a50d        0xc ../.obj/libcrt.a(stdlib.o)

.rodata1
 *(.rodata1)

.eh_frame_hdr
 *(.eh_frame_hdr)

.eh_frame       0x000000000100a51c     0x1c8c
 *(.eh_frame)
 .eh_frame      0x000000000100a51c       0x98 ./.out/dioport.o
 .eh_frame      0x000000000100a5b4       0x7c ./.out/dkmain.o
                                         0x94 (size before relaxing)
 .eh_frame      0x000000000100a630      0x200 ./.out/dint.o
                                        0x218 (size before relaxing)
 .eh_frame      0x000000000100a830      0x140 ./.out/dkio.o
                                        0x158 (size before relaxing)
 .eh_frame      0x000000000100a970       0x88 ./.out/dprintk.o
                                         0xa0 (size before relaxing)
 .eh_frame      0x000000000100a9f8      0x100 ./.out/dschedu.o
                                        0x118 (size before relaxing)
 .eh_frame      0x000000000100aaf8       0x70 ./.out/d8259a.o
                                         0x88 (size before relaxing)
 .eh_frame      0x000000000100ab68      0x160 ./.out/d8042.o
                                        0x178 (size before relaxing)
 .eh_frame      0x000000000100acc8       0x60 ./.out/ddevice.o
                                         0x78 (size before relaxing)
 .eh_frame      0x000000000100ad28       0xc0 ./.out/dsignal.o
                                         0xd8 (size before relaxing)
 .eh_frame      0x000000000100ade8       0x40 ./.out/dmodule.o
                                         0x58 (size before relaxing)
 .eh_frame      0x000000000100ae28       0x88 ./.out/dexec.o
                                         0xa0 (size before relaxing)
 .eh_frame      0x000000000100aeb0      0x160 ./.out/dvfs.o
                                        0x178 (size before relaxing)
 .eh_frame      0x000000000100b010       0x20 ./.out/dtime.o
                                         0x38 (size before relaxing)
 .eh_frame      0x000000000100b030       0x80 ./.out/dinode.o
                                         0x98 (size before relaxing)
 .eh_frame      0x000000000100b0b0      0x120 ./.out/dcache.o
                                        0x138 (size before relaxing)
 .eh_frame      0x000000000100b1d0       0x48 ./.out/dpath.o
                                         0x60 (size before relaxing)
 .eh_frame      0x000000000100b218      0x24c ../drivers/.out/dide.o
                                        0x264 (size before relaxing)
 .eh_frame      0x000000000100b464       0x40 ../drivers/.out/dkeyboard.o
                                         0x58 (size before relaxing)
 .eh_frame      0x000000000100b4a4      0x244 ../drivers/.out/dtty.o
                                        0x25c (size before relaxing)
 .eh_frame      0x000000000100b6e8      0x160 ../fs/mfs/.out/dfile.o
                                        0x178 (size before relaxing)
 .eh_frame      0x000000000100b848       0xe4 ../fs/mfs/.out/dinode.o
                                         0xfc (size before relaxing)
 .eh_frame      0x000000000100b92c       0x80 ../fs/mfs/.out/dcluster.o
                                         0x98 (size before relaxing)
 .eh_frame      0x000000000100b9ac       0x40 ../mm/dkmalloc.o
                                         0x58 (size before relaxing)
 .eh_frame      0x000000000100b9ec      0x2c0 ../mm/dpage.o
                                        0x2d8 (size before relaxing)
 .eh_frame      0x000000000100bcac      0x1e0 ../.obj/libcrt.a(string.o)
                                        0x1f8 (size before relaxing)
 .eh_frame      0x000000000100be8c      0x150 ../.obj/libcrt.a(stdlib.o)
                                        0x168 (size before relaxing)
 .eh_frame      0x000000000100bfdc       0xa8 ../.obj/libcrt.a(avl.o)
                                         0xc0 (size before relaxing)
 .eh_frame      0x000000000100c084      0x124 ../.obj/libcrt.a(bits.o)
                                        0x13c (size before relaxing)

.gcc_except_table
 *(.gcc_except_table .gcc_except_table.*)

.exception_ranges
 *(.exception_ranges .exception_ranges*)
                0x000000000100c1a8                . = (ALIGN (0x1000) - ((0x1000 - .) & 0xfff))
                0x000000000100d1a8                . = DATA_SEGMENT_ALIGN (0x1000, 0x1000)

.eh_frame
 *(.eh_frame)

.gcc_except_table
 *(.gcc_except_table .gcc_except_table.*)

.exception_ranges
 *(.exception_ranges .exception_ranges*)

.tdata
 *(.tdata .tdata.* .gnu.linkonce.td.*)

.tbss
 *(.tbss .tbss.* .gnu.linkonce.tb.*)
 *(.tcommon)

.preinit_array  0x000000000100d1a8        0x0
                0x000000000100d1a8                PROVIDE (__preinit_array_start, .)
 *(.preinit_array)
                0x000000000100d1a8                PROVIDE (__preinit_array_end, .)

.init_array     0x000000000100d1a8        0x0
                0x000000000100d1a8                PROVIDE (__init_array_start, .)
 *(SORT(.init_array.*) SORT(.ctors.*))
 *(.init_array)
 *(EXCLUDE_FILE(*crtend?.o *crtend.o *crtbegin?.o *crtbegin.o) .ctors)
                0x000000000100d1a8                PROVIDE (__init_array_end, .)

.fini_array     0x000000000100d1a8        0x0
                0x000000000100d1a8                PROVIDE (__fini_array_start, .)
 *(SORT(.fini_array.*) SORT(.dtors.*))
 *(.fini_array)
 *(EXCLUDE_FILE(*crtend?.o *crtend.o *crtbegin?.o *crtbegin.o) .dtors)
                0x000000000100d1a8                PROVIDE (__fini_array_end, .)

.ctors
 *crtbegin.o(.ctors)
 *crtbegin?.o(.ctors)
 *(EXCLUDE_FILE(*crtend?.o *crtend.o) .ctors)
 *(SORT(.ctors.*))
 *(.ctors)

.dtors
 *crtbegin.o(.dtors)
 *crtbegin?.o(.dtors)
 *(EXCLUDE_FILE(*crtend?.o *crtend.o) .dtors)
 *(SORT(.dtors.*))
 *(.dtors)

.jcr
 *(.jcr)

.data.rel.ro
 *(.data.rel.ro.local* .gnu.linkonce.d.rel.ro.local.*)
 *(.data.rel.ro* .gnu.linkonce.d.rel.ro.*)

.dynamic
 *(.dynamic)

.got
 *(.got)
 *(.igot)
                0x000000000100d1a8                . = DATA_SEGMENT_RELRO_END (., 0xc)

.got.plt        0x000000000100d1a8        0x0
 *(.got.plt)
 *(.igot.plt)
 .igot.plt      0x0000000000000000        0x0 ./.out/dioport.o

.data           0x000000000100d1c0      0x99c
 *(.data .data.* .gnu.linkonce.d.*)
 .data          0x000000000100d1c0        0x0 ./.out/dioport.o
 .data          0x000000000100d1c0        0xc ./.out/dkmain.o
                0x000000000100d1c0                gdt_ptr
                0x000000000100d1c8                fool_version
 .data          0x000000000100d1cc        0x6 ./.out/dint.o
                0x000000000100d1cc                idt_ptr
 *fill*         0x000000000100d1d2        0x2 00
 .data          0x000000000100d1d4        0x0 ./.out/dkio.o
 .data          0x000000000100d1d4        0x4 ./.out/dprintk.o
                0x000000000100d1d4                pvga
 .data          0x000000000100d1d8        0x0 ./.out/dschedu.o
 .data          0x000000000100d1d8        0x0 ./.out/d8259a.o
 .data          0x000000000100d1d8        0x0 ./.out/d8042.o
 .data          0x000000000100d1d8        0x0 ./.out/ddevice.o
 .data          0x000000000100d1d8        0x0 ./.out/dsignal.o
 .data          0x000000000100d1d8        0x0 ./.out/dmodule.o
 .data          0x000000000100d1d8        0x0 ./.out/dexec.o
 .data          0x000000000100d1d8        0x0 ./.out/dvfs.o
 .data          0x000000000100d1d8        0x0 ./.out/dtime.o
 .data          0x000000000100d1d8       0x14 ./.out/dinode.o
                0x000000000100d1d8                inodetree
 .data          0x000000000100d1ec        0x0 ./.out/dcache.o
 .data          0x000000000100d1ec        0x0 ./.out/dpath.o
 *fill*         0x000000000100d1ec       0x14 00
 .data          0x000000000100d200      0x10c ../drivers/.out/dide.o
                0x000000000100d200                ide_primary_r
                0x000000000100d218                ide_primary_w
                0x000000000100d230                ide_secondy_r
                0x000000000100d248                ide_secondy_w
                0x000000000100d260                ide_packet_name
                0x000000000100d2e0                ide_fop
 *fill*         0x000000000100d30c       0x14 00
 .data          0x000000000100d320      0x620 ../drivers/.out/dkeyboard.o
                0x000000000100d320                keyboardname
 .data          0x000000000100d940      0x1b0 ../drivers/.out/dtty.o
                0x000000000100d940                c_tty
                0x000000000100da00                tty_op
                0x000000000100da40                stdin_op
                0x000000000100da80                stdout_op
                0x000000000100dac0                stderror_op
                0x000000000100daec                tty_actived
 *fill*         0x000000000100daf0       0x10 00
 .data          0x000000000100db00       0x50 ../fs/mfs/.out/dfile.o
                0x000000000100db00                mfs_fop
                0x000000000100db2c                mfs_iop
                0x000000000100db40                mfs_reg
 .data          0x000000000100db50        0x0 ../fs/mfs/.out/dinode.o
 .data          0x000000000100db50        0x0 ../fs/mfs/.out/dcluster.o
 .data          0x000000000100db50        0x0 ../fs/mfs/.out/ddir.o
 .data          0x000000000100db50        0x4 ../mm/dkmalloc.o
                0x000000000100db50                pool
 .data          0x000000000100db54        0x8 ../mm/dpage.o
 .data          0x000000000100db5c        0x0 ../.obj/libcrt.a(string.o)
 .data          0x000000000100db5c        0x0 ../.obj/libcrt.a(stdlib.o)
 .data          0x000000000100db5c        0x0 ../.obj/libcrt.a(avl.o)
 .data          0x000000000100db5c        0x0 ../.obj/libcrt.a(bits.o)

.data1
 *(.data1)
                0x000000000100db5c                _edata = .
                0x000000000100db5c                PROVIDE (edata, .)
                0x000000000100db5c                __bss_start = .

.bss            0x000000000100db60    0x102f4
 *(.dynbss)
 *(.bss .bss.* .gnu.linkonce.b.*)
 .bss           0x000000000100db60        0x8 ./.out/dioport.o
                0x000000000100db60                irhead
                0x000000000100db64                irlck
 .bss           0x000000000100db68     0x6000 ./.out/d_start.o
                0x000000000100db68                _kstack
                0x000000000100fb68                kstacktop
                0x000000000100fb68                _kintstack
                0x0000000001011b68                _kexpstack
                0x0000000001011b68                kintstacktop
                0x0000000001013b68                kexpstacktop
 *fill*         0x0000000001013b68       0x18 00
 .bss           0x0000000001013b80       0xac ./.out/dkmain.o
                0x0000000001013b80                gdt
                0x0000000001013bc0                tss
 *fill*         0x0000000001013c2c       0x14 00
 .bss           0x0000000001013c40      0xff8 ./.out/dint.o
                0x0000000001013c40                irqtable
                0x0000000001014438                clicnt
 .bss           0x0000000001014c38        0x0 ./.out/dkio.o
 *fill*         0x0000000001014c38        0x8 00
 .bss           0x0000000001014c40      0x408 ./.out/dprintk.o
                0x0000000001014c40                kbuf
                0x0000000001015040                kx
                0x0000000001015041                ky
                0x0000000001015044                klock
 *fill*         0x0000000001015048       0x18 00
 .bss           0x0000000001015060     0x18e0 ./.out/dschedu.o
                0x0000000001015060                tsk_running
                0x0000000001015064                thr_running
                0x0000000001015080                Core
                0x00000000010158e0                Pcore
 .bss           0x0000000001016940        0x0 ./.out/d8259a.o
 .bss           0x0000000001016940        0x0 ./.out/d8042.o
 .bss           0x0000000001016940     0x3ffc ./.out/ddevice.o
                0x0000000001016940                ddr
 .bss           0x000000000101a93c        0x0 ./.out/dsignal.o
 .bss           0x000000000101a93c        0x0 ./.out/dmodule.o
 .bss           0x000000000101a93c        0x0 ./.out/dexec.o
 *fill*         0x000000000101a93c        0x4 00
 .bss           0x000000000101a940     0x1008 ./.out/dvfs.o
                0x000000000101a940                pfstable
                0x000000000101ad40                mnttable
                0x000000000101b940                mnttablelck
                0x000000000101b944                mntroot
 .bss           0x000000000101b948        0x0 ./.out/dtime.o
 .bss           0x000000000101b948        0x4 ./.out/dinode.o
                0x000000000101b948                ilck
 *fill*         0x000000000101b94c       0x14 00
 .bss           0x000000000101b960       0x68 ./.out/dcache.o
                0x000000000101b960                icache
                0x000000000101b9a0                fcache
 .bss           0x000000000101b9c8        0x0 ./.out/dpath.o
 *fill*         0x000000000101b9c8       0x18 00
 .bss           0x000000000101b9e0      0xb54 ../drivers/.out/dide.o
                0x000000000101b9e0                ide0_rwbuffer
                0x000000000101bbe0                ide0_buf_rwlck
                0x000000000101bc00                ide1_rwbuffer
                0x000000000101be00                ide1_buf_rwlck
                0x000000000101be20                ide_dev
 .bss           0x000000000101c534        0x4 ../drivers/.out/dkeyboard.o
                0x000000000101c534                keystatus
 .bss           0x000000000101c538        0x0 ../drivers/.out/dtty.o
 *fill*         0x000000000101c538        0x8 00
 .bss           0x000000000101c540       0x28 ../fs/mfs/.out/dfile.o
                0x000000000101c540                mfscore
 .bss           0x000000000101c568        0x0 ../fs/mfs/.out/dinode.o
 .bss           0x000000000101c568        0x0 ../fs/mfs/.out/dcluster.o
 .bss           0x000000000101c568        0x0 ../fs/mfs/.out/ddir.o
 .bss           0x000000000101c568        0x0 ../mm/dkmalloc.o
 .bss           0x000000000101c568        0x4 ../mm/dpage.o
 .bss           0x000000000101c56c        0x0 ../.obj/libcrt.a(string.o)
 .bss           0x000000000101c56c        0x0 ../.obj/libcrt.a(stdlib.o)
 .bss           0x000000000101c56c        0x0 ../.obj/libcrt.a(avl.o)
 .bss           0x000000000101c56c        0x0 ../.obj/libcrt.a(bits.o)
 *(COMMON)
 *fill*         0x000000000101c56c       0x14 00
 COMMON         0x000000000101c580     0x18c0 ./.out/dschedu.o
                0x000000000101c580                Init
                0x000000000101cde0                Pinit
 COMMON         0x000000000101de40       0x14 ./.out/dmodule.o
                0x000000000101de40                avlmoduletree
                0x000000000101de54                . = ALIGN ((. != 0x0)?0x4:0x1)
                0x000000000101de54                . = ALIGN (0x4)
                0x000000000101de54                . = ALIGN (0x4)
                0x000000000101de54                _end = .
                0x000000000101de54                PROVIDE (end, .)
                0x000000000101de54                . = DATA_SEGMENT_END (.)

.stab
 *(.stab)

.stabstr
 *(.stabstr)

.stab.excl
 *(.stab.excl)

.stab.exclstr
 *(.stab.exclstr)

.stab.index
 *(.stab.index)

.stab.indexstr
 *(.stab.indexstr)

.comment        0x0000000000000000       0x2a
 *(.comment)
 .comment       0x0000000000000000       0x2a ./.out/dioport.o
                                         0x2b (size before relaxing)
 .comment       0x0000000000000000       0x2b ./.out/dkmain.o
 .comment       0x0000000000000000       0x2b ./.out/dint.o
 .comment       0x0000000000000000       0x2b ./.out/dkio.o
 .comment       0x0000000000000000       0x2b ./.out/dprintk.o
 .comment       0x0000000000000000       0x2b ./.out/dschedu.o
 .comment       0x0000000000000000       0x2b ./.out/d8259a.o
 .comment       0x0000000000000000       0x2b ./.out/d8042.o
 .comment       0x0000000000000000       0x2b ./.out/ddevice.o
 .comment       0x0000000000000000       0x2b ./.out/dsignal.o
 .comment       0x0000000000000000       0x2b ./.out/dmodule.o
 .comment       0x0000000000000000       0x2b ./.out/dexec.o
 .comment       0x0000000000000000       0x2b ./.out/dvfs.o
 .comment       0x0000000000000000       0x2b ./.out/dtime.o
 .comment       0x0000000000000000       0x2b ./.out/dinode.o
 .comment       0x0000000000000000       0x2b ./.out/dcache.o
 .comment       0x0000000000000000       0x2b ./.out/dpath.o
 .comment       0x0000000000000000       0x2b ../drivers/.out/dide.o
 .comment       0x0000000000000000       0x2b ../drivers/.out/dkeyboard.o
 .comment       0x0000000000000000       0x2b ../drivers/.out/dtty.o
 .comment       0x0000000000000000       0x2b ../fs/mfs/.out/dfile.o
 .comment       0x0000000000000000       0x2b ../fs/mfs/.out/dinode.o
 .comment       0x0000000000000000       0x2b ../fs/mfs/.out/dcluster.o
 .comment       0x0000000000000000       0x2b ../fs/mfs/.out/ddir.o
 .comment       0x0000000000000000       0x2b ../mm/dkmalloc.o
 .comment       0x0000000000000000       0x2b ../mm/dpage.o
 .comment       0x0000000000000000       0x2b ../.obj/libcrt.a(string.o)
 .comment       0x0000000000000000       0x2b ../.obj/libcrt.a(stdlib.o)
 .comment       0x0000000000000000       0x2b ../.obj/libcrt.a(avl.o)
 .comment       0x0000000000000000       0x2b ../.obj/libcrt.a(bits.o)

.debug
 *(.debug)

.line
 *(.line)

.debug_srcinfo
 *(.debug_srcinfo)

.debug_sfnames
 *(.debug_sfnames)

.debug_aranges  0x0000000000000000      0x2a0
 *(.debug_aranges)
 .debug_aranges
                0x0000000000000000       0x20 ./.out/dioport.o
 .debug_aranges
                0x0000000000000020       0x20 ./.out/dkmain.o
 .debug_aranges
                0x0000000000000040       0x20 ./.out/dint.o
 .debug_aranges
                0x0000000000000060       0x20 ./.out/dkio.o
 .debug_aranges
                0x0000000000000080       0x20 ./.out/dprintk.o
 .debug_aranges
                0x00000000000000a0       0x20 ./.out/dschedu.o
 .debug_aranges
                0x00000000000000c0       0x20 ./.out/d8259a.o
 .debug_aranges
                0x00000000000000e0       0x20 ./.out/d8042.o
 .debug_aranges
                0x0000000000000100       0x20 ./.out/ddevice.o
 .debug_aranges
                0x0000000000000120       0x20 ./.out/dsignal.o
 .debug_aranges
                0x0000000000000140       0x20 ./.out/dmodule.o
 .debug_aranges
                0x0000000000000160       0x20 ./.out/dexec.o
 .debug_aranges
                0x0000000000000180       0x20 ./.out/dvfs.o
 .debug_aranges
                0x00000000000001a0       0x20 ./.out/dtime.o
 .debug_aranges
                0x00000000000001c0       0x20 ./.out/dinode.o
 .debug_aranges
                0x00000000000001e0       0x20 ./.out/dcache.o
 .debug_aranges
                0x0000000000000200       0x20 ./.out/dpath.o
 .debug_aranges
                0x0000000000000220       0x20 ../drivers/.out/dkeyboard.o
 .debug_aranges
                0x0000000000000240       0x20 ../drivers/.out/dtty.o
 .debug_aranges
                0x0000000000000260       0x20 ../mm/dkmalloc.o
 .debug_aranges
                0x0000000000000280       0x20 ../mm/dpage.o

.debug_pubnames
 *(.debug_pubnames)

.debug_info     0x0000000000000000     0xb2a2
 *(.debug_info .gnu.linkonce.wi.*)
 .debug_info    0x0000000000000000      0x31d ./.out/dioport.o
 .debug_info    0x000000000000031d      0xd32 ./.out/dkmain.o
 .debug_info    0x000000000000104f      0xf6a ./.out/dint.o
 .debug_info    0x0000000000001fb9      0xcb1 ./.out/dkio.o
 .debug_info    0x0000000000002c6a      0x241 ./.out/dprintk.o
 .debug_info    0x0000000000002eab      0xc0d ./.out/dschedu.o
 .debug_info    0x0000000000003ab8       0xd8 ./.out/d8259a.o
 .debug_info    0x0000000000003b90      0x1b8 ./.out/d8042.o
 .debug_info    0x0000000000003d48      0xa6b ./.out/ddevice.o
 .debug_info    0x00000000000047b3      0x5e7 ./.out/dsignal.o
 .debug_info    0x0000000000004d9a      0xa6e ./.out/dmodule.o
 .debug_info    0x0000000000005808      0xe9d ./.out/dexec.o
 .debug_info    0x00000000000066a5      0xd69 ./.out/dvfs.o
 .debug_info    0x000000000000740e      0x11e ./.out/dtime.o
 .debug_info    0x000000000000752c      0xb23 ./.out/dinode.o
 .debug_info    0x000000000000804f      0xc73 ./.out/dcache.o
 .debug_info    0x0000000000008cc2      0xa51 ./.out/dpath.o
 .debug_info    0x0000000000009713      0x134 ../drivers/.out/dkeyboard.o
 .debug_info    0x0000000000009847     0x1055 ../drivers/.out/dtty.o
 .debug_info    0x000000000000a89c      0x10c ../mm/dkmalloc.o
 .debug_info    0x000000000000a9a8      0x8fa ../mm/dpage.o

.debug_abbrev   0x0000000000000000     0x19bf
 *(.debug_abbrev)
 .debug_abbrev  0x0000000000000000      0x10a ./.out/dioport.o
 .debug_abbrev  0x000000000000010a      0x1dc ./.out/dkmain.o
 .debug_abbrev  0x00000000000002e6      0x1e2 ./.out/dint.o
 .debug_abbrev  0x00000000000004c8      0x170 ./.out/dkio.o
 .debug_abbrev  0x0000000000000638      0x100 ./.out/dprintk.o
 .debug_abbrev  0x0000000000000738      0x183 ./.out/dschedu.o
 .debug_abbrev  0x00000000000008bb       0x87 ./.out/d8259a.o
 .debug_abbrev  0x0000000000000942       0xbe ./.out/d8042.o
 .debug_abbrev  0x0000000000000a00      0x11f ./.out/ddevice.o
 .debug_abbrev  0x0000000000000b1f      0x10c ./.out/dsignal.o
 .debug_abbrev  0x0000000000000c2b      0x12e ./.out/dmodule.o
 .debug_abbrev  0x0000000000000d59      0x179 ./.out/dexec.o
 .debug_abbrev  0x0000000000000ed2      0x179 ./.out/dvfs.o
 .debug_abbrev  0x000000000000104b       0x91 ./.out/dtime.o
 .debug_abbrev  0x00000000000010dc      0x14a ./.out/dinode.o
 .debug_abbrev  0x0000000000001226      0x1a1 ./.out/dcache.o
 .debug_abbrev  0x00000000000013c7      0x152 ./.out/dpath.o
 .debug_abbrev  0x0000000000001519       0xc7 ../drivers/.out/dkeyboard.o
 .debug_abbrev  0x00000000000015e0      0x1ce ../drivers/.out/dtty.o
 .debug_abbrev  0x00000000000017ae       0xb3 ../mm/dkmalloc.o
 .debug_abbrev  0x0000000000001861      0x15e ../mm/dpage.o

.debug_line     0x0000000000000000     0x17b4
 *(.debug_line)
 .debug_line    0x0000000000000000      0x142 ./.out/dioport.o
 .debug_line    0x0000000000000142      0x121 ./.out/dkmain.o
 .debug_line    0x0000000000000263      0x1ca ./.out/dint.o
 .debug_line    0x000000000000042d      0x1b9 ./.out/dkio.o
 .debug_line    0x00000000000005e6       0xfb ./.out/dprintk.o
 .debug_line    0x00000000000006e1      0x19d ./.out/dschedu.o
 .debug_line    0x000000000000087e       0x75 ./.out/d8259a.o
 .debug_line    0x00000000000008f3       0x8a ./.out/d8042.o
 .debug_line    0x000000000000097d       0xd1 ./.out/ddevice.o
 .debug_line    0x0000000000000a4e       0x9c ./.out/dsignal.o
 .debug_line    0x0000000000000aea       0xa3 ./.out/dmodule.o
 .debug_line    0x0000000000000b8d      0x129 ./.out/dexec.o
 .debug_line    0x0000000000000cb6      0x27d ./.out/dvfs.o
 .debug_line    0x0000000000000f33       0x8a ./.out/dtime.o
 .debug_line    0x0000000000000fbd      0x107 ./.out/dinode.o
 .debug_line    0x00000000000010c4      0x120 ./.out/dcache.o
 .debug_line    0x00000000000011e4      0x118 ./.out/dpath.o
 .debug_line    0x00000000000012fc       0x76 ../drivers/.out/dkeyboard.o
 .debug_line    0x0000000000001372      0x1f2 ../drivers/.out/dtty.o
 .debug_line    0x0000000000001564       0x70 ../mm/dkmalloc.o
 .debug_line    0x00000000000015d4      0x1e0 ../mm/dpage.o

.debug_frame
 *(.debug_frame)

.debug_str      0x0000000000000000     0x1301
 *(.debug_str)
 .debug_str     0x0000000000000000      0x169 ./.out/dioport.o
                                        0x1a6 (size before relaxing)
 .debug_str     0x0000000000000169      0x36e ./.out/dkmain.o
                                        0x4c7 (size before relaxing)
 .debug_str     0x00000000000004d7      0x1bb ./.out/dint.o
                                        0x5b5 (size before relaxing)
 .debug_str     0x0000000000000692       0x7d ./.out/dkio.o
                                        0x484 (size before relaxing)
 .debug_str     0x000000000000070f       0x41 ./.out/dprintk.o
                                        0x10b (size before relaxing)
 .debug_str     0x0000000000000750       0xad ./.out/dschedu.o
                                        0x4a1 (size before relaxing)
 .debug_str     0x00000000000007fd       0x26 ./.out/d8259a.o
                                         0xcf (size before relaxing)
 .debug_str     0x0000000000000823       0xc1 ./.out/d8042.o
                                        0x172 (size before relaxing)
 .debug_str     0x00000000000008e4       0x59 ./.out/ddevice.o
                                        0x421 (size before relaxing)
 .debug_str     0x000000000000093d       0xa1 ./.out/dsignal.o
                                        0x2b2 (size before relaxing)
 .debug_str     0x00000000000009de       0x7a ./.out/dmodule.o
                                        0x43d (size before relaxing)
 .debug_str     0x0000000000000a58      0x1fa ./.out/dexec.o
                                        0x618 (size before relaxing)
 .debug_str     0x0000000000000c52      0x106 ./.out/dvfs.o
                                        0x4d9 (size before relaxing)
 .debug_str     0x0000000000000d58       0x4d ./.out/dtime.o
                                         0xf4 (size before relaxing)
 .debug_str     0x0000000000000da5       0x60 ./.out/dinode.o
                                        0x477 (size before relaxing)
 .debug_str     0x0000000000000e05      0x11d ./.out/dcache.o
                                        0x4fb (size before relaxing)
 .debug_str     0x0000000000000f22       0x28 ./.out/dpath.o
                                        0x3f3 (size before relaxing)
 .debug_str     0x0000000000000f4a       0x62 ../drivers/.out/dkeyboard.o
                                        0x101 (size before relaxing)
 .debug_str     0x0000000000000fac      0x19b ../drivers/.out/dtty.o
                                        0x566 (size before relaxing)
 .debug_str     0x0000000000001147       0x2a ../mm/dkmalloc.o
                                         0xd0 (size before relaxing)
 .debug_str     0x0000000000001171      0x190 ../mm/dpage.o
                                        0x276 (size before relaxing)

.debug_loc      0x0000000000000000     0x1fe4
 *(.debug_loc)
 .debug_loc     0x0000000000000000       0xe0 ./.out/dioport.o
 .debug_loc     0x00000000000000e0       0xd4 ./.out/dkmain.o
 .debug_loc     0x00000000000001b4      0x380 ./.out/dint.o
 .debug_loc     0x0000000000000534      0x230 ./.out/dkio.o
 .debug_loc     0x0000000000000764       0xe0 ./.out/dprintk.o
 .debug_loc     0x0000000000000844      0x1c0 ./.out/dschedu.o
 .debug_loc     0x0000000000000a04       0xa8 ./.out/d8259a.o
 .debug_loc     0x0000000000000aac      0x268 ./.out/d8042.o
 .debug_loc     0x0000000000000d14       0xa8 ./.out/ddevice.o
 .debug_loc     0x0000000000000dbc      0x150 ./.out/dsignal.o
 .debug_loc     0x0000000000000f0c       0x70 ./.out/dmodule.o
 .debug_loc     0x0000000000000f7c       0xe0 ./.out/dexec.o
 .debug_loc     0x000000000000105c      0x268 ./.out/dvfs.o
 .debug_loc     0x00000000000012c4       0x38 ./.out/dtime.o
 .debug_loc     0x00000000000012fc       0xe0 ./.out/dinode.o
 .debug_loc     0x00000000000013dc      0x1f8 ./.out/dcache.o
 .debug_loc     0x00000000000015d4       0x70 ./.out/dpath.o
 .debug_loc     0x0000000000001644       0x70 ../drivers/.out/dkeyboard.o
 .debug_loc     0x00000000000016b4      0x3f0 ../drivers/.out/dtty.o
 .debug_loc     0x0000000000001aa4       0x70 ../mm/dkmalloc.o
 .debug_loc     0x0000000000001b14      0x4d0 ../mm/dpage.o

.debug_macinfo
 *(.debug_macinfo)

.debug_weaknames
 *(.debug_weaknames)

.debug_funcnames
 *(.debug_funcnames)

.debug_typenames
 *(.debug_typenames)

.debug_varnames
 *(.debug_varnames)

.debug_pubtypes
 *(.debug_pubtypes)

.debug_ranges   0x0000000000000000       0x18
 *(.debug_ranges)
 .debug_ranges  0x0000000000000000       0x18 ./.out/dschedu.o

.gnu.attributes
 *(.gnu.attributes)

/DISCARD/
 *(.note.GNU-stack)
 *(.gnu_debuglink)
 *(.gnu.lto_*)
OUTPUT(../DKFOOL elf32-i386)
