Archive member included because of file (symbol)

lib//libcrt.a(string.o)       kernel/kmodel.o (memcpy)
lib//libcrt.a(stdlib.o)       kernel/int.o (atoi)
lib//libcrt.a(bits.o)         kernel/cache.o (bitset)

Allocating common symbols
Common symbol       size              file

Init                0x550             kernel/schedu.o
Pinit               0x1060            kernel/schedu.o
keystatus           0x14              drivers/keyboard.o

Discarded input sections

 .note.GNU-stack
                0x0000000000000000        0x0 kernel/kmain.o
 .note.GNU-stack
                0x0000000000000000        0x0 kernel/int.o
 .note.GNU-stack
                0x0000000000000000        0x0 kernel/kmodel.o
 .note.GNU-stack
                0x0000000000000000        0x0 kernel/printk.o
 .note.GNU-stack
                0x0000000000000000        0x0 kernel/schedu.o
 .note.GNU-stack
                0x0000000000000000        0x0 kernel/8259a.o
 .note.GNU-stack
                0x0000000000000000        0x0 kernel/signal.o
 .note.GNU-stack
                0x0000000000000000        0x0 kernel/time.o
 .note.GNU-stack
                0x0000000000000000        0x0 kernel/cache.o
 .note.GNU-stack
                0x0000000000000000        0x0 kernel/exec.o
 .note.GNU-stack
                0x0000000000000000        0x0 mm/kmalloc.o
 .note.GNU-stack
                0x0000000000000000        0x0 mm/mm.o
 .note.GNU-stack
                0x0000000000000000        0x0 mm/page.o
 .note.GNU-stack
                0x0000000000000000        0x0 drivers/ide.o
 .note.GNU-stack
                0x0000000000000000        0x0 drivers/keymap_US.o
 .note.GNU-stack
                0x0000000000000000        0x0 drivers/keyboard.o
 .note.GNU-stack
                0x0000000000000000        0x0 drivers/console.o
 .note.GNU-stack
                0x0000000000000000        0x0 drivers/vga.o
 .note.GNU-stack
                0x0000000000000000        0x0 fs/mfs/mfs.o
 .note.GNU-stack
                0x0000000000000000        0x0 lib//libcrt.a(string.o)
 .note.GNU-stack
                0x0000000000000000        0x0 lib//libcrt.a(stdlib.o)
 .note.GNU-stack
                0x0000000000000000        0x0 lib//libcrt.a(bits.o)

Memory Configuration

Name             Origin             Length             Attributes
*default*        0x0000000000000000 0xffffffffffffffff

Linker script and memory map

LOAD kernel/_start.o
LOAD kernel/kmain.o
LOAD kernel/fool.o
LOAD kernel/int.o
LOAD kernel/kmodel.o
LOAD kernel/kroute.o
LOAD kernel/printk.o
LOAD kernel/schedu.o
LOAD kernel/8259a.o
LOAD kernel/signal.o
LOAD kernel/time.o
LOAD kernel/cache.o
LOAD kernel/exec.o
LOAD mm/kmalloc.o
LOAD mm/mm.o
LOAD mm/page.o
LOAD drivers/ide.o
LOAD drivers/keymap_US.o
LOAD drivers/keyboard.o
LOAD drivers/console.o
LOAD drivers/vga.o
LOAD fs/mfs/mfs.o
LOAD lib//libcrt.a
Address of section .text set to 0x1001000
                0x0000000008048000                PROVIDE (__executable_start, 0x8048000)
                0x0000000008048094                . = (0x8048000 + SIZEOF_HEADERS)

.interp
 *(.interp)

.note.gnu.build-id
 *(.note.gnu.build-id)

.hash
 *(.hash)

.gnu.hash
 *(.gnu.hash)

.dynsym
 *(.dynsym)

.dynstr
 *(.dynstr)

.gnu.version
 *(.gnu.version)

.gnu.version_d
 *(.gnu.version_d)

.gnu.version_r
 *(.gnu.version_r)

.rel.dyn        0x0000000008048094        0x0
 *(.rel.init)
 *(.rel.text .rel.text.* .rel.gnu.linkonce.t.*)
 .rel.text      0x0000000000000000        0x0 kernel/_start.o
 *(.rel.fini)
 *(.rel.rodata .rel.rodata.* .rel.gnu.linkonce.r.*)
 *(.rel.data.rel.ro* .rel.gnu.linkonce.d.rel.ro.*)
 *(.rel.data .rel.data.* .rel.gnu.linkonce.d.*)
 *(.rel.tdata .rel.tdata.* .rel.gnu.linkonce.td.*)
 *(.rel.tbss .rel.tbss.* .rel.gnu.linkonce.tb.*)
 *(.rel.ctors)
 *(.rel.dtors)
 *(.rel.got)
 *(.rel.bss .rel.bss.* .rel.gnu.linkonce.b.*)
 *(.rel.ifunc)

.rel.plt        0x0000000008048094        0x0
 *(.rel.plt)
                0x0000000008048094                PROVIDE (__rel_iplt_start, .)
 *(.rel.iplt)
 .rel.iplt      0x0000000000000000        0x0 kernel/_start.o
                0x0000000008048094                PROVIDE (__rel_iplt_end, .)

.init
 *(.init)

.plt            0x00000000080480a0        0x0
 *(.plt)
 *(.iplt)
 .iplt          0x0000000000000000        0x0 kernel/_start.o

.text           0x0000000001001000     0x9dd1
 *(.text.unlikely .text.*_unlikely)
 *(.text.exit .text.exit.*)
 *(.text.startup .text.startup.*)
 *(.text.hot .text.hot.*)
 *(.text .stub .text.* .gnu.linkonce.t.*)
 .text          0x0000000001001000       0x49 kernel/_start.o
                0x0000000001001000                _start
 *fill*         0x0000000001001049        0x3 90909090
 .text          0x000000000100104c      0x4b4 kernel/kmain.o
                0x000000000100104c                kmain
                0x00000000010012ca                mkdescriptor
                0x0000000001001336                seg2phys
                0x0000000001001385                doshift
 .text          0x0000000001001500      0x1bc kernel/fool.o
                0x0000000001001500                asm_set_ds
                0x000000000100150e                asm_set_es
                0x000000000100151c                asm_set_gs
                0x000000000100152a                asm_set_fs
                0x0000000001001538                asm_lidt
                0x0000000001001541                asm_ltr
                0x0000000001001550                asm_sgdt
                0x0000000001001559                asm_sti
                0x000000000100155b                asm_cli
                0x000000000100155d                asm_hlt
                0x000000000100155f                asm_inb
                0x000000000100156f                asm_inw
                0x000000000100157e                asm_ind
                0x000000000100158c                asm_insb
                0x000000000100159f                asm_insw
                0x00000000010015b3                asm_insd
                0x00000000010015c6                asm_outb
                0x00000000010015d9                asm_outw
                0x00000000010015ee                asm_outd
                0x0000000001001601                asm_outsb
                0x0000000001001614                asm_outsw
                0x0000000001001628                asm_outsd
                0x000000000100163b                asm_inputs
                0x0000000001001656                asm_outputs
                0x0000000001001671                asm_save_exp_irq
                0x0000000001001672                asm_save_hw_irq
                0x0000000001001673                asm_rdtsc
                0x0000000001001676                asm_cr3
                0x0000000001001683                asm_enable_paging
                0x0000000001001691                asm_readcmos
 .text          0x00000000010016bc      0xe49 kernel/int.o
                0x00000000010016bc                sti
                0x00000000010016df                cli
                0x0000000001001703                _exphandle8_
                0x000000000100173a                irqrouterinit
                0x0000000001001beb                unrouted_handle
                0x0000000001001c61                irq_routehandle
                0x0000000001001cc1                exp_routehandle
                0x0000000001001d3d                hwregistehandle
                0x0000000001001d9b                hwunregistehandle
                0x0000000001001e1d                expregistehandle
                0x0000000001001e6f                expunregistehandle
                0x0000000001001ef1                init_idt_desc
                0x0000000001001f61                loadidtr
                0x0000000001001f75                sys_call_handle
                0x00000000010020a1                wrong_syscall_entry
                0x00000000010020ab                sys_version
                0x00000000010020b5                sys_chroot
                0x00000000010020bf                sys_mount
                0x00000000010020c9                sys_umount
                0x00000000010020d3                sys_execl
                0x00000000010020dd                sys_execv
                0x00000000010020e7                sys_exit
                0x00000000010020f1                sys_open
                0x0000000001002290                sys_write
                0x000000000100231e                sys_read
                0x00000000010023ac                sys_close
                0x00000000010023b6                sys_ioctl
                0x00000000010023c0                sys_create
                0x00000000010023ca                sys_remove
                0x00000000010023d4                sys_mkdir
                0x00000000010023de                sys_rmdir
                0x00000000010023e8                sys_readdir
                0x00000000010023f2                sys_lookup
                0x00000000010023fc                sys_alloc
                0x0000000001002406                sys_free
                0x0000000001002410                sys_vmalloc
                0x000000000100241a                sys_vmfree
                0x0000000001002424                add_syscall_route_table
 *fill*         0x0000000001002505        0x3 90909090
 .text          0x0000000001002508     0x17e0 kernel/kmodel.o
                0x0000000001002589                register_fs
                0x00000000010025ce                ioport_region_check
                0x000000000100268e                ioport_region_register
                0x0000000001002752                ioport_region_unregister
                0x000000000100281d                dir_check_coredir
                0x0000000001002906                dir_check_coreinode
                0x00000000010029ec                dir_check_coreitem
                0x0000000001002a88                dir_check_fsitem
                0x0000000001002ae6                dir_check_fsdir
                0x0000000001002b32                dir_check_fsinode
                0x0000000001002b7e                dir_check_item
                0x0000000001002bf0                dir_check_dir
                0x0000000001002c85                dir_check_inode
                0x0000000001002d1a                dir_do_opendir
                0x0000000001002eba                dir_do_openinode
                0x000000000100302e                dir_do_opennewinode
                0x00000000010030f0                dir_opendir_done
                0x00000000010031c3                dir_openinode_done
                0x0000000001003285                dir_close_dir
                0x000000000100342a                dir_close_inode
                0x00000000010035d9                sys_do_open
                0x000000000100377f                sys_check_taskfile
                0x000000000100380c                sys_set_taskfile
                0x00000000010038bd                sys_do_openfile
                0x0000000001003a01                register_device
                0x0000000001003add                unregister_device
                0x0000000001003ba4                register_driver
                0x0000000001003bf5                unregister_driver
                0x0000000001003c2f                find_device
                0x0000000001003c72                search_driver
                0x0000000001003c8e                find_driver
                0x0000000001003ca4                load_driver
                0x0000000001003cae                unload_driver
                0x0000000001003cb8                model_startup
                0x0000000001003cc2                module_init
 *fill*         0x0000000001003ce8        0x8 90909090
 .text          0x0000000001003cf0     0x1127 kernel/kroute.o
                0x0000000001003cf0                divide_error
                0x0000000001003d80                single_step_exception
                0x0000000001003e10                nmi
                0x0000000001003ea0                breakpoint_exception
                0x0000000001003f30                overflow
                0x0000000001003fc0                bounds_check
                0x0000000001004050                inval_opcode
                0x00000000010040e0                copr_not_available
                0x0000000001004170                double_fault
                0x0000000001004201                copr_seg_overrun
                0x0000000001004291                inval_tss
                0x0000000001004322                segment_not_present
                0x00000000010043b3                stack_exception
                0x0000000001004444                general_protection
                0x00000000010044d5                page_fault
                0x0000000001004566                copr_error
                0x00000000010045f6                clock_hwint00
                0x0000000001004670                keyboard_hwint01
                0x00000000010046ea                cascade_hwint02
                0x0000000001004764                second_serial_hwint03
                0x00000000010047de                first_serial_hwint04
                0x0000000001004858                XT_winchester_hwint05
                0x00000000010048d2                floppy_hwint06
                0x000000000100494c                printer_hwint07
                0x00000000010049c6                realtime_clock_hwint08
                0x0000000001004a40                irq_2_redirected_hwint09
                0x0000000001004aba                irq_10_hwint10
                0x0000000001004b34                irq_11_hwint11
                0x0000000001004bae                PS_2_mourse_hwint12
                0x0000000001004c28                FPU_exception_hwint13
                0x0000000001004ca2                IDE0_hwint14
                0x0000000001004d1c                IDE1_hwint15
                0x0000000001004d96                asm_sys_call
                0x0000000001004df1                asm_restart
 *fill*         0x0000000001004e17        0x1 90909090
 .text          0x0000000001004e18      0x427 kernel/printk.o
                0x0000000001004e18                printk
                0x0000000001004ecf                kprintf
                0x0000000001004f2b                vprintk
                0x00000000010051b0                setcursor
 *fill*         0x000000000100523f        0x1 90909090
 .text          0x0000000001005240      0x22a kernel/schedu.o
                0x0000000001005240                kschedu
                0x0000000001005245                kscheduinit
                0x000000000100536e                save_stack_fram
                0x0000000001005398                restor_stack_fram
                0x00000000010053c1                file_threadregister
 *fill*         0x000000000100546a        0x2 90909090
 .text          0x000000000100546c      0x1e2 kernel/8259a.o
                0x000000000100546c                init8259A
                0x000000000100553c                _8259Asti
                0x00000000010055c6                _8259Acli
 *fill*         0x000000000100564e        0x2 90909090
 .text          0x0000000001005650       0x96 kernel/signal.o
                0x0000000001005650                createmutex
                0x000000000100565a                destroymutex
                0x0000000001005664                waitformutex
                0x000000000100569b                releasemutex
                0x00000000010056d2                wait
                0x00000000010056dc                signal
 *fill*         0x00000000010056e6        0x2 90909090
 .text          0x00000000010056e8      0x228 kernel/time.o
                0x00000000010056e8                getsystime
                0x0000000001005870                gettime
                0x00000000010058b6                getdate
 .text          0x0000000001005910      0x326 kernel/cache.o
                0x0000000001005910                kcache_create
                0x00000000010059bf                kcache_destroy
                0x00000000010059f3                kcache_malloc
                0x0000000001005aa9                kcache_free
                0x0000000001005b1d                cache_init
                0x0000000001005ba9                dir_cache_alloc
                0x0000000001005bbd                inode_cache_alloc
                0x0000000001005bd1                file_cache_alloc
                0x0000000001005be5                dir_cache_free
                0x0000000001005c00                inode_cache_free
                0x0000000001005c1b                file_cache_free
 *fill*         0x0000000001005c36        0x2 90909090
 .text          0x0000000001005c38       0x26 kernel/exec.o
                0x0000000001005c38                do_execl
                0x0000000001005c4b                do_execv
 *fill*         0x0000000001005c5e        0x2 90909090
 .text          0x0000000001005c60       0x4a mm/kmalloc.o
                0x0000000001005c60                kmalloc
                0x0000000001005ca5                kfree
 *fill*         0x0000000001005caa        0x2 90909090
 .text          0x0000000001005cac      0x5b8 mm/mm.o
                0x0000000001005cac                mm_inipool
                0x0000000001005d3a                mm_malloc
                0x0000000001005d8e                mm_free
                0x0000000001006228                mm_appendpool
 .text          0x0000000001006264      0x8bf mm/page.o
                0x00000000010062e0                startpage
                0x00000000010063d6                allocpage
                0x000000000100641e                freepage
                0x000000000100643a                pmap
                0x000000000100653e                publicmap16M2to32M
                0x00000000010065a9                allocspace
                0x000000000100669e                cp2user
                0x0000000001006778                cpfromuser
                0x0000000001006852                strncpfromuser
                0x0000000001006939                strncp2user
                0x0000000001006a20                cpbyte2user
                0x0000000001006a4f                cpword2user
                0x0000000001006a7f                cpdword2user
                0x0000000001006aa8                cpbytefromuser
                0x0000000001006ad1                cpwordfromuser
                0x0000000001006afa                cpdwordfromuser
 *fill*         0x0000000001006b23        0x1 90909090
 .text          0x0000000001006b24      0x82b drivers/ide.o
                0x0000000001006b24                ide0_handle
                0x0000000001006b8f                ide1_handle
                0x0000000001006bfa                ide_wait_interrupt
                0x0000000001006c9a                ide_wait_status
                0x0000000001006d3c                ide_exec_cmd
                0x0000000001006e9b                ide_read_sct
                0x000000000100706c                ide_write_sct
                0x0000000001007254                ide_struct_alloc
                0x00000000010072ca                ide_device_scan_partation
                0x00000000010072cf                ide_device_scan
                0x00000000010072d4                ide_open
                0x00000000010072de                ide_ioctl
                0x00000000010072e8                ide_read
                0x00000000010072f0                ide_write
                0x00000000010072f8                ide_c_read
                0x0000000001007300                ide_c_write
                0x0000000001007308                ide_startup
 *fill*         0x000000000100734f        0x1 90909090
 .text          0x0000000001007350        0x0 drivers/keymap_US.o
 .text          0x0000000001007350      0x63b drivers/keyboard.o
                0x0000000001007350                keyboard_startup
                0x00000000010073b9                init8042
                0x00000000010073cd                _8042readscancode
                0x00000000010073e1                _8042cmdmourse
                0x00000000010073fd                _8042setresolution1x1
                0x000000000100741e                _8042setresolution2x1
                0x000000000100743f                _8042setresolution
                0x000000000100747a                _8042getmourseinfo
                0x00000000010074e3                _8042setled
                0x000000000100751c                _8042detect
                0x0000000001007544                _8042keyboardenable
                0x0000000001007560                _8042mourseenable
                0x0000000001007581                keyboardhandle
                0x0000000001007755                makescancode
                0x00000000010078b1                keyboard_open
                0x00000000010078bb                keyboard_close
                0x00000000010078c5                keyboard_read
                0x0000000001007936                keyboard_ioctl
                0x0000000001007940                keyboard_kread
 *fill*         0x000000000100798b        0x1 90909090
 .text          0x000000000100798c       0xae drivers/console.o
                0x000000000100798c                tty_startup
                0x00000000010079f4                console_open
                0x00000000010079fe                console_close
                0x0000000001007a08                console_read
                0x0000000001007a12                console_write
                0x0000000001007a1c                console_ioctl
                0x0000000001007a26                console_kread
                0x0000000001007a30                console_kwrite
 *fill*         0x0000000001007a3a        0x2 90909090
 .text          0x0000000001007a3c      0x50b drivers/vga.o
                0x0000000001007a7d                vga_startup
                0x0000000001007aea                vga_open
                0x0000000001007af4                vga_close
                0x0000000001007afe                vga_read
                0x0000000001007b5a                vga_write
                0x0000000001007bb6                vga_ioctl
                0x0000000001007c58                vga_kread
                0x0000000001007ca7                vga_kwrite
                0x0000000001007cf6                vga_reset
                0x0000000001007d4a                vga_eraselines
                0x0000000001007deb                vga_erasearea
                0x0000000001007e06                vga_setdisline
                0x0000000001007ea1                vga_setcursorpos
                0x0000000001007f33                vga_hidecursor
                0x0000000001007f3d                vga_showcursor
 *fill*         0x0000000001007f47        0x1 90909090
 .text          0x0000000001007f48     0x1a95 fs/mfs/mfs.o
                0x0000000001007f48                cmfs_cache_alloc
                0x0000000001007f5c                cmfs_cache_free
                0x0000000001007f77                mfs_startup
                0x0000000001007fcb                mfs_mount
                0x0000000001008106                mfs_umount
                0x000000000100816b                mfs_mkfs
                0x0000000001008393                mfs_open
                0x000000000100839d                mfs_close
                0x00000000010083a7                mfs_read
                0x00000000010083c7                mfs_write
                0x00000000010083d1                mfs_kread
                0x00000000010083ea                mfs_kwrite
                0x00000000010084a6                mfs_makeinode
                0x00000000010084f6                mfs_mknode
                0x00000000010085d0                mfs_touch
                0x00000000010086ae                mfs_mkdir
                0x0000000001008836                mfs_rm
                0x00000000010089a1                mfs_rmdir
                0x0000000001008a92                mfs_rename
                0x0000000001008bd1                mfs_opendir
                0x0000000001008cf8                mfs_closedir
                0x0000000001008d02                mfs_openinode
                0x0000000001008e3f                mfs_closeinode
                0x0000000001008e49                mfs_readitem
                0x0000000001008edc                mfs_readattrib
                0x0000000001008f86                mfsr_device
                0x0000000001008ff1                mfsr_device_ex
                0x00000000010090e6                mfsw_device
                0x0000000001009151                mfsw_device_ex
                0x0000000001009275                mfsr_superblk
                0x00000000010092a7                mfsw_superblk
                0x00000000010092d9                mfs_freefilefat
                0x00000000010092de                mfs_initdir
                0x00000000010093b5                mfs_alloc_cluster
                0x00000000010093bf                mfs_free_cluster
                0x00000000010093c4                mfs_function
                0x00000000010095f2                mfs_ex_mkmfsinode
                0x0000000001009656                mfs_ex_rmmfsinode
                0x0000000001009701                mfs_ex_searchitem
                0x000000000100977d                mfs_ex_searchitem_ex
                0x00000000010097f2                mfs_ex_updatefsinode
                0x00000000010099a8                mfs_ex_countinode
 *fill*         0x00000000010099dd        0x3 90909090
 .text          0x00000000010099e0      0x8dc lib//libcrt.a(string.o)
                0x00000000010099e0                memcpy
                0x0000000001009a1e                memmove
                0x0000000001009aa9                memset
                0x0000000001009ae2                strcat
                0x0000000001009b2f                strcmp
                0x0000000001009b7a                strcpy
                0x0000000001009bb3                strlen
                0x0000000001009be1                strncmp
                0x0000000001009c3b                strncpy
                0x0000000001009c83                strnlen
                0x0000000001009cbc                strstr
                0x0000000001009d4d                tolower
                0x0000000001009da1                tonlower
                0x0000000001009e04                tonupper
                0x0000000001009e67                toupper
                0x0000000001009ebb                wstrcat
                0x0000000001009f0b                wstrcmp
                0x0000000001009f57                wstrcpy
                0x0000000001009f92                wstrlen
                0x0000000001009fc1                wstrncmp
                0x000000000100a01c                wstrncpy
                0x000000000100a066                wstrnlen
                0x000000000100a0a0                wstrstr
                0x000000000100a136                wtolower
                0x000000000100a190                wtonlower
                0x000000000100a1f9                wtonupper
                0x000000000100a262                wtoupper
 .text          0x000000000100a2bc      0x9c3 lib//libcrt.a(stdlib.o)
                0x000000000100a2bc                atoi
                0x000000000100a45b                itoa
                0x000000000100a58d                itox
                0x000000000100a63c                itob
                0x000000000100a686                atoll
                0x000000000100a8fe                lltoa
                0x000000000100a917                lltox
                0x000000000100a930                var_arg
                0x000000000100a981                vsprintf
                0x000000000100ab1d                sprintf
                0x000000000100ab5b                detach_node
 *fill*         0x000000000100ac7f        0x1 90909090
 .text          0x000000000100ac80      0x151 lib//libcrt.a(bits.o)
                0x000000000100ac80                bitset
                0x000000000100acb5                bitclean
                0x000000000100ace6                bitsset
                0x000000000100aceb                bitsclean
                0x000000000100acf9                bitread
                0x000000000100ad23                bitrevers
                0x000000000100ad58                test0andset
                0x000000000100ad94                test1andset
 *(.gnu.warning)

.fini
 *(.fini)
                0x000000000100add1                PROVIDE (__etext, .)
                0x000000000100add1                PROVIDE (_etext, .)
                0x000000000100add1                PROVIDE (etext, .)

.rodata         0x000000000100add4      0x478
 *(.rodata .rodata.* .gnu.linkonce.r.*)
 .rodata        0x000000000100add4       0xa6 kernel/kmain.o
 *fill*         0x000000000100ae7a        0x2 00
 .rodata        0x000000000100ae7c       0xa1 kernel/int.o
 .rodata        0x000000000100af1d        0xd kernel/kmodel.o
 .rodata        0x000000000100af2a        0xa kernel/printk.o
 .rodata        0x000000000100af34        0x6 kernel/schedu.o
 .rodata        0x000000000100af3a       0x19 kernel/signal.o
 .rodata        0x000000000100af53        0xd mm/page.o
 .rodata        0x000000000100af60      0x242 drivers/ide.o
 .rodata        0x000000000100b1a2       0x18 drivers/keyboard.o
 .rodata        0x000000000100b1ba        0xc drivers/console.o
 *fill*         0x000000000100b1c6        0x2 00
 .rodata        0x000000000100b1c8       0x3d drivers/vga.o
 *fill*         0x000000000100b205        0x3 00
 .rodata        0x000000000100b208       0x38 fs/mfs/mfs.o
 .rodata        0x000000000100b240        0xc lib//libcrt.a(stdlib.o)

.rodata1
 *(.rodata1)

.eh_frame_hdr
 *(.eh_frame_hdr)

.eh_frame       0x000000000100b24c     0x25b4
 *(.eh_frame)
 .eh_frame      0x000000000100b24c       0x98 kernel/kmain.o
 .eh_frame      0x000000000100b2e4      0x4d4 kernel/int.o
                                        0x4ec (size before relaxing)
 .eh_frame      0x000000000100b7b8      0x4c0 kernel/kmodel.o
                                        0x4d8 (size before relaxing)
 .eh_frame      0x000000000100bc78       0x88 kernel/printk.o
                                         0xa0 (size before relaxing)
 .eh_frame      0x000000000100bd00       0xa0 kernel/schedu.o
                                         0xb8 (size before relaxing)
 .eh_frame      0x000000000100bda0       0x70 kernel/8259a.o
                                         0x88 (size before relaxing)
 .eh_frame      0x000000000100be10       0xc0 kernel/signal.o
                                         0xd8 (size before relaxing)
 .eh_frame      0x000000000100bed0       0x68 kernel/time.o
                                         0x80 (size before relaxing)
 .eh_frame      0x000000000100bf38      0x160 kernel/cache.o
                                        0x178 (size before relaxing)
 .eh_frame      0x000000000100c098       0x40 kernel/exec.o
                                         0x58 (size before relaxing)
 .eh_frame      0x000000000100c0d8       0x40 mm/kmalloc.o
                                         0x58 (size before relaxing)
 .eh_frame      0x000000000100c118       0xb4 mm/mm.o
                                         0xcc (size before relaxing)
 .eh_frame      0x000000000100c1cc      0x2c0 mm/page.o
                                        0x2d8 (size before relaxing)
 .eh_frame      0x000000000100c48c      0x224 drivers/ide.o
                                        0x23c (size before relaxing)
 .eh_frame      0x000000000100c6b0      0x260 drivers/keyboard.o
                                        0x278 (size before relaxing)
 .eh_frame      0x000000000100c910      0x100 drivers/console.o
                                        0x118 (size before relaxing)
 .eh_frame      0x000000000100ca10      0x200 drivers/vga.o
                                        0x218 (size before relaxing)
 .eh_frame      0x000000000100cc10      0x5fc fs/mfs/mfs.o
                                        0x614 (size before relaxing)
 .eh_frame      0x000000000100d20c      0x360 lib//libcrt.a(string.o)
                                        0x378 (size before relaxing)
 .eh_frame      0x000000000100d56c      0x170 lib//libcrt.a(stdlib.o)
                                        0x188 (size before relaxing)
 .eh_frame      0x000000000100d6dc      0x124 lib//libcrt.a(bits.o)
                                        0x13c (size before relaxing)

.gcc_except_table
 *(.gcc_except_table .gcc_except_table.*)

.exception_ranges
 *(.exception_ranges .exception_ranges*)
                0x000000000100d800                . = (ALIGN (0x1000) - ((0x1000 - .) & 0xfff))
                0x000000000100e000                . = DATA_SEGMENT_ALIGN (0x1000, 0x1000)

.eh_frame
 *(.eh_frame)

.gcc_except_table
 *(.gcc_except_table .gcc_except_table.*)

.exception_ranges
 *(.exception_ranges .exception_ranges*)

.tdata
 *(.tdata .tdata.* .gnu.linkonce.td.*)

.tbss
 *(.tbss .tbss.* .gnu.linkonce.tb.*)
 *(.tcommon)

.preinit_array  0x000000000100e000        0x0
                0x000000000100e000                PROVIDE (__preinit_array_start, .)
 *(.preinit_array)
                0x000000000100e000                PROVIDE (__preinit_array_end, .)

.init_array     0x000000000100e000        0x0
                0x000000000100e000                PROVIDE (__init_array_start, .)
 *(SORT(.init_array.*) SORT(.ctors.*))
 *(.init_array)
 *(EXCLUDE_FILE(*crtend?.o *crtend.o *crtbegin?.o *crtbegin.o) .ctors)
                0x000000000100e000                PROVIDE (__init_array_end, .)

.fini_array     0x000000000100e000        0x0
                0x000000000100e000                PROVIDE (__fini_array_start, .)
 *(SORT(.fini_array.*) SORT(.dtors.*))
 *(.fini_array)
 *(EXCLUDE_FILE(*crtend?.o *crtend.o *crtbegin?.o *crtbegin.o) .dtors)
                0x000000000100e000                PROVIDE (__fini_array_end, .)

.ctors
 *crtbegin.o(.ctors)
 *crtbegin?.o(.ctors)
 *(EXCLUDE_FILE(*crtend?.o *crtend.o) .ctors)
 *(SORT(.ctors.*))
 *(.ctors)

.dtors
 *crtbegin.o(.dtors)
 *crtbegin?.o(.dtors)
 *(EXCLUDE_FILE(*crtend?.o *crtend.o) .dtors)
 *(SORT(.dtors.*))
 *(.dtors)

.jcr
 *(.jcr)

.data.rel.ro
 *(.data.rel.ro.local* .gnu.linkonce.d.rel.ro.local.*)
 *(.data.rel.ro* .gnu.linkonce.d.rel.ro.*)

.dynamic
 *(.dynamic)

.got
 *(.got)
 *(.igot)
                0x000000000100e000                . = DATA_SEGMENT_RELRO_END (., 0xc)

.got.plt        0x000000000100e000        0x0
 *(.got.plt)
 *(.igot.plt)
 .igot.plt      0x0000000000000000        0x0 kernel/_start.o

.data           0x000000000100e000      0x818
 *(.data .data.* .gnu.linkonce.d.*)
 .data          0x000000000100e000        0xc kernel/kmain.o
                0x000000000100e000                gdt_ptr
                0x000000000100e008                fool_version
 .data          0x000000000100e00c        0x6 kernel/int.o
                0x000000000100e00c                idt_ptr
 *fill*         0x000000000100e012        0x2 00
 .data          0x000000000100e014        0x0 kernel/kmodel.o
 .data          0x000000000100e014        0x4 kernel/printk.o
                0x000000000100e014                pvga
 .data          0x000000000100e018        0x0 kernel/schedu.o
 .data          0x000000000100e018        0x0 kernel/8259a.o
 .data          0x000000000100e018        0x0 kernel/signal.o
 .data          0x000000000100e018        0x0 kernel/time.o
 .data          0x000000000100e018        0x0 kernel/cache.o
 .data          0x000000000100e018        0x0 kernel/exec.o
 .data          0x000000000100e018        0x4 mm/kmalloc.o
                0x000000000100e018                pool
 .data          0x000000000100e01c        0x0 mm/mm.o
 .data          0x000000000100e01c        0x8 mm/page.o
 *fill*         0x000000000100e024       0x1c 00
 .data          0x000000000100e040       0xe0 drivers/ide.o
                0x000000000100e040                ide_primary_r
                0x000000000100e058                ide_primary_w
                0x000000000100e070                ide_secondy_r
                0x000000000100e088                ide_secondy_w
                0x000000000100e0a0                ide_packet_name
 .data          0x000000000100e120      0x600 drivers/keymap_US.o
                0x000000000100e120                keymap
 .data          0x000000000100e720       0x34 drivers/keyboard.o
                0x000000000100e720                keyboardname
                0x000000000100e724                keyboard_fop
                0x000000000100e740                keyboard_dev
                0x000000000100e748                keyboard_drv
 .data          0x000000000100e754       0x60 drivers/console.o
                0x000000000100e754                console_fp
                0x000000000100e770                dev_tty1
                0x000000000100e778                dev_tty2
                0x000000000100e780                dev_tty3
                0x000000000100e788                dev_tty4
                0x000000000100e790                dev_stdin
                0x000000000100e798                dev_stdout
                0x000000000100e7a0                dev_stderr
                0x000000000100e7a8                console_drv
 .data          0x000000000100e7b4       0x2c drivers/vga.o
                0x000000000100e7b4                vga_fop
                0x000000000100e7d0                vga_pivat
 .data          0x000000000100e7e0       0x38 fs/mfs/mfs.o
                0x000000000100e7e0                mfs_fop
                0x000000000100e7fc                mfs_struct
 .data          0x000000000100e818        0x0 lib//libcrt.a(string.o)
 .data          0x000000000100e818        0x0 lib//libcrt.a(stdlib.o)
 .data          0x000000000100e818        0x0 lib//libcrt.a(bits.o)

.data1
 *(.data1)
                0x000000000100e818                _edata = .
                0x000000000100e818                PROVIDE (edata, .)
                0x000000000100e818                __bss_start = .

.bss            0x000000000100e820     0xd794
 *(.dynbss)
 *(.bss .bss.* .gnu.linkonce.b.*)
 .bss           0x000000000100e820     0x6000 kernel/_start.o
                0x000000000100e820                _kstack
                0x0000000001010820                kstacktop
                0x0000000001010820                _kintstack
                0x0000000001012820                _kexpstack
                0x0000000001012820                kintstacktop
                0x0000000001014820                kexpstacktop
 .bss           0x0000000001014820       0xac kernel/kmain.o
                0x0000000001014820                gdt
                0x0000000001014860                tss
 *fill*         0x00000000010148cc       0x14 00
 .bss           0x00000000010148e0     0x1058 kernel/int.o
                0x00000000010148e0                irqtable
                0x00000000010150d8                clicnt
                0x00000000010150dc                system_entry
                0x00000000010150ec                ps_entry
                0x0000000001015100                file_entry
                0x000000000101512c                mm_entry
 *fill*         0x0000000001015938        0x8 00
 .bss           0x0000000001015940     0x29c8 kernel/kmodel.o
                0x0000000001015940                devroot
                0x0000000001016cc0                module_head
                0x0000000001016cc4                lck_module_head
                0x0000000001016cc8                moudule_cnt
                0x0000000001016ce0                fs_table
                0x00000000010170e0                device_head
                0x00000000010181e0                lck_device
                0x0000000001018200                driver_head
                0x0000000001018300                irhead
                0x0000000001018304                irlck
 *fill*         0x0000000001018308       0x18 00
 .bss           0x0000000001018320      0x408 kernel/printk.o
                0x0000000001018320                kbuf
                0x0000000001018720                kx
                0x0000000001018721                ky
                0x0000000001018724                klock
 *fill*         0x0000000001018728       0x18 00
 .bss           0x0000000001018740     0x15e0 kernel/schedu.o
                0x0000000001018740                tsk_running
                0x0000000001018744                thr_running
                0x0000000001018760                Core
                0x0000000001018cc0                Pcore
 .bss           0x0000000001019d20        0x0 kernel/8259a.o
 .bss           0x0000000001019d20        0x0 kernel/signal.o
 .bss           0x0000000001019d20        0x0 kernel/time.o
 .bss           0x0000000001019d20       0xa8 kernel/cache.o
                0x0000000001019d20                cdir
                0x0000000001019d60                cinode
                0x0000000001019da0                cfile
 .bss           0x0000000001019dc8        0x0 kernel/exec.o
 .bss           0x0000000001019dc8        0x0 mm/kmalloc.o
 .bss           0x0000000001019dc8        0x0 mm/mm.o
 .bss           0x0000000001019dc8        0x4 mm/page.o
 *fill*         0x0000000001019dcc       0x14 00
 .bss           0x0000000001019de0      0xb54 drivers/ide.o
                0x0000000001019de0                ide0_rwbuffer
                0x0000000001019fe0                ide0_buf_rwlck
                0x000000000101a000                ide1_rwbuffer
                0x000000000101a200                ide1_buf_rwlck
                0x000000000101a220                ide_dev
 .bss           0x000000000101a934        0x0 drivers/keymap_US.o
 .bss           0x000000000101a934        0x0 drivers/keyboard.o
 .bss           0x000000000101a934        0x0 drivers/console.o
 .bss           0x000000000101a934       0x14 drivers/vga.o
                0x000000000101a934                vga_dev
                0x000000000101a93c                vga_drv
 *fill*         0x000000000101a948       0x18 00
 .bss           0x000000000101a960       0x68 fs/mfs/mfs.o
                0x000000000101a960                mfs_dop
                0x000000000101a9a0                cmfs
 .bss           0x000000000101a9c8        0x0 lib//libcrt.a(string.o)
 .bss           0x000000000101a9c8        0x0 lib//libcrt.a(stdlib.o)
 .bss           0x000000000101a9c8        0x0 lib//libcrt.a(bits.o)
 *(COMMON)
 *fill*         0x000000000101a9c8       0x18 00
 COMMON         0x000000000101a9e0     0x15c0 kernel/schedu.o
                0x000000000101a9e0                Init
                0x000000000101af40                Pinit
 COMMON         0x000000000101bfa0       0x14 drivers/keyboard.o
                0x000000000101bfa0                keystatus
                0x000000000101bfb4                . = ALIGN ((. != 0x0)?0x4:0x1)
                0x000000000101bfb4                . = ALIGN (0x4)
                0x000000000101bfb4                . = ALIGN (0x4)
                0x000000000101bfb4                _end = .
                0x000000000101bfb4                PROVIDE (end, .)
                0x000000000101bfb4                . = DATA_SEGMENT_END (.)

.stab
 *(.stab)

.stabstr
 *(.stabstr)

.stab.excl
 *(.stab.excl)

.stab.exclstr
 *(.stab.exclstr)

.stab.index
 *(.stab.index)

.stab.indexstr
 *(.stab.indexstr)

.comment        0x0000000000000000       0x2a
 *(.comment)
 .comment       0x0000000000000000       0x2a kernel/kmain.o
                                         0x2b (size before relaxing)
 .comment       0x0000000000000000       0x2b kernel/int.o
 .comment       0x0000000000000000       0x2b kernel/kmodel.o
 .comment       0x0000000000000000       0x2b kernel/printk.o
 .comment       0x0000000000000000       0x2b kernel/schedu.o
 .comment       0x0000000000000000       0x2b kernel/8259a.o
 .comment       0x0000000000000000       0x2b kernel/signal.o
 .comment       0x0000000000000000       0x2b kernel/time.o
 .comment       0x0000000000000000       0x2b kernel/cache.o
 .comment       0x0000000000000000       0x2b kernel/exec.o
 .comment       0x0000000000000000       0x2b mm/kmalloc.o
 .comment       0x0000000000000000       0x2b mm/mm.o
 .comment       0x0000000000000000       0x2b mm/page.o
 .comment       0x0000000000000000       0x2b drivers/ide.o
 .comment       0x0000000000000000       0x2b drivers/keymap_US.o
 .comment       0x0000000000000000       0x2b drivers/keyboard.o
 .comment       0x0000000000000000       0x2b drivers/console.o
 .comment       0x0000000000000000       0x2b drivers/vga.o
 .comment       0x0000000000000000       0x2b fs/mfs/mfs.o
 .comment       0x0000000000000000       0x2b lib//libcrt.a(string.o)
 .comment       0x0000000000000000       0x2b lib//libcrt.a(stdlib.o)
 .comment       0x0000000000000000       0x2b lib//libcrt.a(bits.o)

.debug
 *(.debug)

.line
 *(.line)

.debug_srcinfo
 *(.debug_srcinfo)

.debug_sfnames
 *(.debug_sfnames)

.debug_aranges
 *(.debug_aranges)

.debug_pubnames
 *(.debug_pubnames)

.debug_info
 *(.debug_info .gnu.linkonce.wi.*)

.debug_abbrev
 *(.debug_abbrev)

.debug_line
 *(.debug_line)

.debug_frame
 *(.debug_frame)

.debug_str
 *(.debug_str)

.debug_loc
 *(.debug_loc)

.debug_macinfo
 *(.debug_macinfo)

.debug_weaknames
 *(.debug_weaknames)

.debug_funcnames
 *(.debug_funcnames)

.debug_typenames
 *(.debug_typenames)

.debug_varnames
 *(.debug_varnames)

.debug_pubtypes
 *(.debug_pubtypes)

.debug_ranges
 *(.debug_ranges)

.gnu.attributes
 *(.gnu.attributes)

/DISCARD/
 *(.note.GNU-stack)
 *(.gnu_debuglink)
 *(.gnu.lto_*)
OUTPUT(KFOOL elf32-i386)
