Archive member included because of file (symbol)

lib//libcrt.a(string.o)       kernel/kmodel.o (memcpy)
lib//libcrt.a(stdlib.o)       kernel/int.o (atoi)
lib//libcrt.a(bits.o)         kernel/cache.o (bitset)

Allocating common symbols
Common symbol       size              file

Init                0x550             kernel/schedu.o
Pinit               0x1060            kernel/schedu.o
keystatus           0x14              drivers/keyboard.o

Discarded input sections

 .note.GNU-stack
                0x0000000000000000        0x0 kernel/kmain.o
 .note.GNU-stack
                0x0000000000000000        0x0 kernel/int.o
 .note.GNU-stack
                0x0000000000000000        0x0 kernel/kmodel.o
 .note.GNU-stack
                0x0000000000000000        0x0 kernel/printk.o
 .note.GNU-stack
                0x0000000000000000        0x0 kernel/schedu.o
 .note.GNU-stack
                0x0000000000000000        0x0 kernel/8259a.o
 .note.GNU-stack
                0x0000000000000000        0x0 kernel/signal.o
 .note.GNU-stack
                0x0000000000000000        0x0 kernel/time.o
 .note.GNU-stack
                0x0000000000000000        0x0 kernel/cache.o
 .note.GNU-stack
                0x0000000000000000        0x0 kernel/exec.o
 .note.GNU-stack
                0x0000000000000000        0x0 mm/kmalloc.o
 .note.GNU-stack
                0x0000000000000000        0x0 mm/mm.o
 .note.GNU-stack
                0x0000000000000000        0x0 mm/page.o
 .note.GNU-stack
                0x0000000000000000        0x0 drivers/ide.o
 .note.GNU-stack
                0x0000000000000000        0x0 drivers/keymap_US.o
 .note.GNU-stack
                0x0000000000000000        0x0 drivers/keyboard.o
 .note.GNU-stack
                0x0000000000000000        0x0 drivers/console.o
 .note.GNU-stack
                0x0000000000000000        0x0 drivers/vga.o
 .note.GNU-stack
                0x0000000000000000        0x0 fs/mfs/mfs.o
 .note.GNU-stack
                0x0000000000000000        0x0 lib//libcrt.a(string.o)
 .note.GNU-stack
                0x0000000000000000        0x0 lib//libcrt.a(stdlib.o)
 .note.GNU-stack
                0x0000000000000000        0x0 lib//libcrt.a(bits.o)

Memory Configuration

Name             Origin             Length             Attributes
*default*        0x0000000000000000 0xffffffffffffffff

Linker script and memory map

LOAD kernel/_start.o
LOAD kernel/kmain.o
LOAD kernel/fool.o
LOAD kernel/int.o
LOAD kernel/kmodel.o
LOAD kernel/kroute.o
LOAD kernel/printk.o
LOAD kernel/schedu.o
LOAD kernel/8259a.o
LOAD kernel/signal.o
LOAD kernel/time.o
LOAD kernel/cache.o
LOAD kernel/exec.o
LOAD mm/kmalloc.o
LOAD mm/mm.o
LOAD mm/page.o
LOAD drivers/ide.o
LOAD drivers/keymap_US.o
LOAD drivers/keyboard.o
LOAD drivers/console.o
LOAD drivers/vga.o
LOAD fs/mfs/mfs.o
LOAD lib//libcrt.a
Address of section .text set to 0x1001000
                0x0000000008048000                PROVIDE (__executable_start, 0x8048000)
                0x0000000008048094                . = (0x8048000 + SIZEOF_HEADERS)

.interp
 *(.interp)

.note.gnu.build-id
 *(.note.gnu.build-id)

.hash
 *(.hash)

.gnu.hash
 *(.gnu.hash)

.dynsym
 *(.dynsym)

.dynstr
 *(.dynstr)

.gnu.version
 *(.gnu.version)

.gnu.version_d
 *(.gnu.version_d)

.gnu.version_r
 *(.gnu.version_r)

.rel.dyn        0x0000000008048094        0x0
 *(.rel.init)
 *(.rel.text .rel.text.* .rel.gnu.linkonce.t.*)
 .rel.text      0x0000000000000000        0x0 kernel/_start.o
 *(.rel.fini)
 *(.rel.rodata .rel.rodata.* .rel.gnu.linkonce.r.*)
 *(.rel.data.rel.ro* .rel.gnu.linkonce.d.rel.ro.*)
 *(.rel.data .rel.data.* .rel.gnu.linkonce.d.*)
 *(.rel.tdata .rel.tdata.* .rel.gnu.linkonce.td.*)
 *(.rel.tbss .rel.tbss.* .rel.gnu.linkonce.tb.*)
 *(.rel.ctors)
 *(.rel.dtors)
 *(.rel.got)
 *(.rel.bss .rel.bss.* .rel.gnu.linkonce.b.*)
 *(.rel.ifunc)

.rel.plt        0x0000000008048094        0x0
 *(.rel.plt)
                0x0000000008048094                PROVIDE (__rel_iplt_start, .)
 *(.rel.iplt)
 .rel.iplt      0x0000000000000000        0x0 kernel/_start.o
                0x0000000008048094                PROVIDE (__rel_iplt_end, .)

.init
 *(.init)

.plt            0x0000000008048094        0x0
 *(.plt)
 *(.iplt)
 .iplt          0x0000000000000000        0x0 kernel/_start.o

.text           0x0000000001001000     0xa41c
 *(.text.unlikely .text.*_unlikely)
 *(.text .stub .text.* .gnu.linkonce.t.*)
 .text          0x0000000001001000       0x4e kernel/_start.o
                0x0000000001001000                _start
 *fill*         0x000000000100104e        0x2 90909090
 .text          0x0000000001001050      0x4b5 kernel/kmain.o
                0x0000000001001050                kmain
                0x00000000010012cf                mkdescriptor
                0x000000000100133b                seg2phys
                0x000000000100138a                doshift
 *fill*         0x0000000001001505        0xb 90909090
 .text          0x0000000001001510      0x1bf kernel/fool.o
                0x0000000001001510                asm_set_ds
                0x000000000100151e                asm_set_es
                0x000000000100152c                asm_set_gs
                0x000000000100153a                asm_set_fs
                0x0000000001001548                asm_lidt
                0x0000000001001551                asm_ltr
                0x0000000001001560                asm_sgdt
                0x0000000001001569                asm_sti
                0x000000000100156b                asm_cli
                0x000000000100156d                asm_hlt
                0x000000000100156f                asm_inb
                0x000000000100157f                asm_inw
                0x000000000100158e                asm_ind
                0x000000000100159c                asm_insb
                0x00000000010015af                asm_insw
                0x00000000010015c3                asm_insd
                0x00000000010015d6                asm_outb
                0x00000000010015e9                asm_outw
                0x00000000010015fe                asm_outd
                0x0000000001001611                asm_outsb
                0x0000000001001624                asm_outsw
                0x0000000001001638                asm_outsd
                0x000000000100164b                asm_inputs
                0x0000000001001666                asm_outputs
                0x0000000001001681                asm_save_exp_irq
                0x0000000001001682                asm_save_hw_irq
                0x0000000001001683                asm_rdtsc
                0x0000000001001686                asm_cr3
                0x0000000001001693                asm_enable_paging
                0x00000000010016a4                asm_readcmos
 *fill*         0x00000000010016cf        0x1 90909090
 .text          0x00000000010016d0      0xe49 kernel/int.o
                0x00000000010016d0                sti
                0x00000000010016f3                cli
                0x0000000001001717                _exphandle8_
                0x000000000100174e                irqrouterinit
                0x0000000001001bff                unrouted_handle
                0x0000000001001c75                irq_routehandle
                0x0000000001001cd5                exp_routehandle
                0x0000000001001d51                hwregistehandle
                0x0000000001001daf                hwunregistehandle
                0x0000000001001e31                expregistehandle
                0x0000000001001e83                expunregistehandle
                0x0000000001001f05                init_idt_desc
                0x0000000001001f75                loadidtr
                0x0000000001001f89                sys_call_handle
                0x00000000010020b5                wrong_syscall_entry
                0x00000000010020bf                sys_version
                0x00000000010020c9                sys_chroot
                0x00000000010020d3                sys_mount
                0x00000000010020dd                sys_umount
                0x00000000010020e7                sys_execl
                0x00000000010020f1                sys_execv
                0x00000000010020fb                sys_exit
                0x0000000001002105                sys_open
                0x00000000010022a4                sys_write
                0x0000000001002332                sys_read
                0x00000000010023c0                sys_close
                0x00000000010023ca                sys_ioctl
                0x00000000010023d4                sys_create
                0x00000000010023de                sys_remove
                0x00000000010023e8                sys_mkdir
                0x00000000010023f2                sys_rmdir
                0x00000000010023fc                sys_readdir
                0x0000000001002406                sys_lookup
                0x0000000001002410                sys_alloc
                0x000000000100241a                sys_free
                0x0000000001002424                sys_vmalloc
                0x000000000100242e                sys_vmfree
                0x0000000001002438                add_syscall_route_table
 *fill*         0x0000000001002519        0x3 90909090
 .text          0x000000000100251c     0x17e9 kernel/kmodel.o
                0x000000000100259d                register_fs
                0x00000000010025e2                ioport_region_check
                0x00000000010026a2                ioport_region_register
                0x0000000001002766                ioport_region_unregister
                0x0000000001002831                dir_check_coredir
                0x000000000100291a                dir_check_coreinode
                0x0000000001002a00                dir_check_coreitem
                0x0000000001002a9c                dir_check_fsitem
                0x0000000001002afa                dir_check_fsdir
                0x0000000001002b46                dir_check_fsinode
                0x0000000001002b92                dir_check_item
                0x0000000001002c04                dir_check_dir
                0x0000000001002c99                dir_check_inode
                0x0000000001002d2e                dir_do_opendir
                0x0000000001002ece                dir_do_openinode
                0x0000000001003042                dir_do_opennewinode
                0x0000000001003104                dir_opendir_done
                0x00000000010031d7                dir_openinode_done
                0x0000000001003299                dir_close_dir
                0x000000000100343e                dir_close_inode
                0x00000000010035ed                sys_do_open
                0x0000000001003793                sys_check_taskfile
                0x0000000001003820                sys_set_taskfile
                0x00000000010038d1                sys_do_openfile
                0x0000000001003a15                register_device
                0x0000000001003af5                unregister_device
                0x0000000001003bbf                register_driver
                0x0000000001003c10                unregister_driver
                0x0000000001003c4a                find_device
                0x0000000001003c8f                search_driver
                0x0000000001003cab                find_driver
                0x0000000001003cc1                load_driver
                0x0000000001003ccb                unload_driver
                0x0000000001003cd5                model_startup
                0x0000000001003cdf                module_init
 *fill*         0x0000000001003d05        0xb 90909090
 .text          0x0000000001003d10     0x14ca kernel/kroute.o
                0x0000000001003d10                divide_error
                0x0000000001003dc0                single_step_exception
                0x0000000001003e70                nmi
                0x0000000001003f20                breakpoint_exception
                0x0000000001003fd0                overflow
                0x0000000001004080                bounds_check
                0x0000000001004130                inval_opcode
                0x00000000010041e0                copr_not_available
                0x0000000001004290                double_fault
                0x000000000100433e                copr_seg_overrun
                0x00000000010043ee                inval_tss
                0x000000000100449c                segment_not_present
                0x000000000100454a                stack_exception
                0x00000000010045f8                general_protection
                0x00000000010046a6                page_fault
                0x0000000001004754                copr_error
                0x0000000001004804                clock_hwint00
                0x0000000001004898                keyboard_hwint01
                0x000000000100492c                cascade_hwint02
                0x00000000010049c0                second_serial_hwint03
                0x0000000001004a54                first_serial_hwint04
                0x0000000001004ae8                XT_winchester_hwint05
                0x0000000001004b7c                floppy_hwint06
                0x0000000001004c10                printer_hwint07
                0x0000000001004ca4                realtime_clock_hwint08
                0x0000000001004d38                irq_2_redirected_hwint09
                0x0000000001004dcc                irq_10_hwint10
                0x0000000001004e60                irq_11_hwint11
                0x0000000001004ef4                PS_2_mourse_hwint12
                0x0000000001004f88                FPU_exception_hwint13
                0x000000000100501c                IDE0_hwint14
                0x00000000010050b0                IDE1_hwint15
                0x0000000001005144                asm_sys_call
                0x00000000010051ae                asm_restart
 *fill*         0x00000000010051da        0x2 90909090
 .text          0x00000000010051dc      0x42a kernel/printk.o
                0x00000000010051dc                printk
                0x0000000001005291                kprintf
                0x00000000010052ec                vprintk
                0x0000000001005575                setcursor
 *fill*         0x0000000001005606        0x2 90909090
 .text          0x0000000001005608      0x22a kernel/schedu.o
                0x0000000001005608                kschedu
                0x000000000100560d                kscheduinit
                0x0000000001005736                save_stack_fram
                0x0000000001005760                restor_stack_fram
                0x0000000001005789                file_threadregister
 *fill*         0x0000000001005832        0x2 90909090
 .text          0x0000000001005834      0x1e2 kernel/8259a.o
                0x0000000001005834                init8259A
                0x0000000001005904                _8259Asti
                0x000000000100598e                _8259Acli
 *fill*         0x0000000001005a16        0x2 90909090
 .text          0x0000000001005a18       0x96 kernel/signal.o
                0x0000000001005a18                createmutex
                0x0000000001005a22                destroymutex
                0x0000000001005a2c                waitformutex
                0x0000000001005a63                releasemutex
                0x0000000001005a9a                wait
                0x0000000001005aa4                signal
 *fill*         0x0000000001005aae        0x2 90909090
 .text          0x0000000001005ab0      0x228 kernel/time.o
                0x0000000001005ab0                getsystime
                0x0000000001005c38                gettime
                0x0000000001005c7e                getdate
 .text          0x0000000001005cd8      0x32b kernel/cache.o
                0x0000000001005cd8                kcache_create
                0x0000000001005d8b                kcache_destroy
                0x0000000001005dbf                kcache_malloc
                0x0000000001005e76                kcache_free
                0x0000000001005eea                cache_init
                0x0000000001005f76                dir_cache_alloc
                0x0000000001005f8a                inode_cache_alloc
                0x0000000001005f9e                file_cache_alloc
                0x0000000001005fb2                dir_cache_free
                0x0000000001005fcd                inode_cache_free
                0x0000000001005fe8                file_cache_free
 *fill*         0x0000000001006003        0x1 90909090
 .text          0x0000000001006004       0x26 kernel/exec.o
                0x0000000001006004                do_execl
                0x0000000001006017                do_execv
 *fill*         0x000000000100602a        0x2 90909090
 .text          0x000000000100602c       0x4c mm/kmalloc.o
                0x000000000100602c                kmalloc
                0x0000000001006073                kfree
 .text          0x0000000001006078      0x5d0 mm/mm.o
                0x0000000001006078                mm_inipool
                0x0000000001006106                mm_malloc
                0x000000000100615a                mm_free
                0x0000000001006609                mm_appendpool
 .text          0x0000000001006648      0x8c6 mm/page.o
                0x00000000010066c6                startpage
                0x00000000010067bc                allocpage
                0x0000000001006804                freepage
                0x0000000001006820                pmap
                0x0000000001006924                publicmap16M2to32M
                0x000000000100698f                allocspace
                0x0000000001006a81                cp2user
                0x0000000001006b5d                cpfromuser
                0x0000000001006c39                strncpfromuser
                0x0000000001006d22                strncp2user
                0x0000000001006e0b                cpbyte2user
                0x0000000001006e3a                cpword2user
                0x0000000001006e6a                cpdword2user
                0x0000000001006e93                cpbytefromuser
                0x0000000001006ebc                cpwordfromuser
                0x0000000001006ee5                cpdwordfromuser
 *fill*         0x0000000001006f0e        0x2 90909090
 .text          0x0000000001006f10      0x853 drivers/ide.o
                0x0000000001006f10                ide0_handle
                0x0000000001006f85                ide1_handle
                0x0000000001006ffa                ide_wait_interrupt
                0x000000000100709a                ide_wait_status
                0x000000000100713b                ide_exec_cmd
                0x000000000100729a                ide_read_sct
                0x0000000001007477                ide_write_sct
                0x000000000100766c                ide_struct_alloc
                0x00000000010076de                ide_device_scan_partation
                0x00000000010076e3                ide_device_scan
                0x00000000010076e8                ide_open
                0x00000000010076f2                ide_ioctl
                0x00000000010076fc                ide_read
                0x0000000001007704                ide_write
                0x000000000100770c                ide_c_read
                0x0000000001007714                ide_c_write
                0x000000000100771c                ide_startup
 *fill*         0x0000000001007763        0x1 90909090
 .text          0x0000000001007764        0x0 drivers/keymap_US.o
 .text          0x0000000001007764      0x63b drivers/keyboard.o
                0x0000000001007764                keyboard_startup
                0x00000000010077cd                init8042
                0x00000000010077e1                _8042readscancode
                0x00000000010077f5                _8042cmdmourse
                0x0000000001007811                _8042setresolution1x1
                0x0000000001007832                _8042setresolution2x1
                0x0000000001007853                _8042setresolution
                0x000000000100788e                _8042getmourseinfo
                0x00000000010078f7                _8042setled
                0x0000000001007930                _8042detect
                0x0000000001007958                _8042keyboardenable
                0x0000000001007974                _8042mourseenable
                0x0000000001007995                keyboardhandle
                0x0000000001007b69                makescancode
                0x0000000001007cc5                keyboard_open
                0x0000000001007ccf                keyboard_close
                0x0000000001007cd9                keyboard_read
                0x0000000001007d4a                keyboard_ioctl
                0x0000000001007d54                keyboard_kread
 *fill*         0x0000000001007d9f        0x1 90909090
 .text          0x0000000001007da0       0xae drivers/console.o
                0x0000000001007da0                tty_startup
                0x0000000001007e08                console_open
                0x0000000001007e12                console_close
                0x0000000001007e1c                console_read
                0x0000000001007e26                console_write
                0x0000000001007e30                console_ioctl
                0x0000000001007e3a                console_kread
                0x0000000001007e44                console_kwrite
 *fill*         0x0000000001007e4e        0x2 90909090
 .text          0x0000000001007e50      0x50d drivers/vga.o
                0x0000000001007e91                vga_startup
                0x0000000001007efe                vga_open
                0x0000000001007f08                vga_close
                0x0000000001007f12                vga_read
                0x0000000001007f6e                vga_write
                0x0000000001007fca                vga_ioctl
                0x000000000100806b                vga_kread
                0x00000000010080ba                vga_kwrite
                0x0000000001008109                vga_reset
                0x000000000100815d                vga_eraselines
                0x0000000001008200                vga_erasearea
                0x000000000100821b                vga_setdisline
                0x00000000010082b6                vga_setcursorpos
                0x0000000001008349                vga_hidecursor
                0x0000000001008353                vga_showcursor
 *fill*         0x000000000100835d        0x3 90909090
 .text          0x0000000001008360     0x1cc5 fs/mfs/mfs.o
                0x0000000001008360                cmfs_cache_alloc
                0x0000000001008374                cmfs_cache_free
                0x000000000100838f                mfs_startup
                0x00000000010083e3                mfs_mount
                0x0000000001008539                mfs_umount
                0x000000000100859e                mfs_mkfs
                0x00000000010087ed                mfs_open
                0x00000000010087f7                mfs_close
                0x0000000001008801                mfs_read
                0x0000000001008821                mfs_write
                0x000000000100882b                mfs_kread
                0x0000000001008849                mfs_kwrite
                0x0000000001008905                mfs_makeinode
                0x0000000001008955                mfs_mknode
                0x0000000001008a2f                mfs_touch
                0x0000000001008b0d                mfs_mkdir
                0x0000000001008c95                mfs_rm
                0x0000000001008e00                mfs_rmdir
                0x0000000001008ef1                mfs_rename
                0x0000000001009030                mfs_opendir
                0x0000000001009157                mfs_closedir
                0x0000000001009253                mfs_openinode
                0x0000000001009390                mfs_closeinode
                0x000000000100948c                mfs_readitem
                0x000000000100951f                mfs_readattrib
                0x00000000010095c9                mfsr_device
                0x0000000001009634                mfsr_device_ex
                0x000000000100972a                mfsw_device
                0x0000000001009795                mfsw_device_ex
                0x00000000010098ba                mfsr_superblk
                0x00000000010098ec                mfsw_superblk
                0x000000000100991e                mfs_initdir
                0x00000000010099f5                mfs_freefilefat
                0x00000000010099fa                mfs_alloc_cluster
                0x0000000001009a04                mfs_free_cluster
                0x0000000001009a09                mfs_function
                0x0000000001009c3a                mfs_ex_mkmfsinode
                0x0000000001009c9e                mfs_ex_rmmfsinode
                0x0000000001009d49                mfs_ex_searchitem
                0x0000000001009dc5                mfs_ex_searchitem_ex
                0x0000000001009e3a                mfs_ex_updatefsinode
                0x0000000001009ff0                mfs_ex_countinode
 *fill*         0x000000000100a025        0x3 90909090
 .text          0x000000000100a028      0x8d4 lib//libcrt.a(string.o)
                0x000000000100a028                memcpy
                0x000000000100a066                memmove
                0x000000000100a0f1                memset
                0x000000000100a128                strcat
                0x000000000100a174                strcmp
                0x000000000100a1bf                strcpy
                0x000000000100a1f8                strlen
                0x000000000100a225                strncmp
                0x000000000100a27f                strncpy
                0x000000000100a2c7                strnlen
                0x000000000100a300                strstr
                0x000000000100a390                tolower
                0x000000000100a3e4                tonlower
                0x000000000100a447                tonupper
                0x000000000100a4aa                toupper
                0x000000000100a4fe                wstrcat
                0x000000000100a54d                wstrcmp
                0x000000000100a599                wstrcpy
                0x000000000100a5d4                wstrlen
                0x000000000100a602                wstrncmp
                0x000000000100a65d                wstrncpy
                0x000000000100a6a7                wstrnlen
                0x000000000100a6e1                wstrstr
                0x000000000100a776                wtolower
                0x000000000100a7d0                wtonlower
                0x000000000100a839                wtonupper
                0x000000000100a8a2                wtoupper
 .text          0x000000000100a8fc      0x9c1 lib//libcrt.a(stdlib.o)
                0x000000000100a8fc                atoi
                0x000000000100aa9b                itoa
                0x000000000100abcd                itox
                0x000000000100ac7c                itob
                0x000000000100acc6                atoll
                0x000000000100af3c                lltoa
                0x000000000100af55                lltox
                0x000000000100af6e                var_arg
                0x000000000100afc0                vsprintf
                0x000000000100b15b                sprintf
                0x000000000100b199                detach_node
 *fill*         0x000000000100b2bd        0x3 90909090
 .text          0x000000000100b2c0      0x15c lib//libcrt.a(bits.o)
                0x000000000100b2c0                bitset
                0x000000000100b2f8                bitclean
                0x000000000100b32c                bitsset
                0x000000000100b331                bitsclean
                0x000000000100b33f                bitread
                0x000000000100b36b                bitrevers
                0x000000000100b3a3                test0andset
                0x000000000100b3df                test1andset
 *(.gnu.warning)

.fini
 *(.fini)
                0x000000000100b41c                PROVIDE (__etext, .)
                0x000000000100b41c                PROVIDE (_etext, .)
                0x000000000100b41c                PROVIDE (etext, .)

.rodata         0x000000000100b41c      0x478
 *(.rodata .rodata.* .gnu.linkonce.r.*)
 .rodata        0x000000000100b41c       0xa6 kernel/kmain.o
 *fill*         0x000000000100b4c2        0x2 00
 .rodata        0x000000000100b4c4       0xa1 kernel/int.o
 .rodata        0x000000000100b565        0xd kernel/kmodel.o
 .rodata        0x000000000100b572        0xa kernel/printk.o
 .rodata        0x000000000100b57c        0x6 kernel/schedu.o
 .rodata        0x000000000100b582       0x19 kernel/signal.o
 .rodata        0x000000000100b59b        0xd mm/page.o
 .rodata        0x000000000100b5a8      0x242 drivers/ide.o
 .rodata        0x000000000100b7ea       0x18 drivers/keyboard.o
 .rodata        0x000000000100b802        0xc drivers/console.o
 *fill*         0x000000000100b80e        0x2 00
 .rodata        0x000000000100b810       0x3d drivers/vga.o
 *fill*         0x000000000100b84d        0x3 00
 .rodata        0x000000000100b850       0x38 fs/mfs/mfs.o
 .rodata        0x000000000100b888        0xc lib//libcrt.a(stdlib.o)

.rodata1
 *(.rodata1)

.eh_frame_hdr
 *(.eh_frame_hdr)

.eh_frame
 *(.eh_frame)

.gcc_except_table
 *(.gcc_except_table .gcc_except_table.*)
                0x000000000100b894                . = (ALIGN (0x1000) - ((0x1000 - .) & 0xfff))
                0x000000000100c000                . = (0x1000 DATA_SEGMENT_ALIGN 0x1000)

.eh_frame
 *(.eh_frame)

.gcc_except_table
 *(.gcc_except_table .gcc_except_table.*)

.tdata
 *(.tdata .tdata.* .gnu.linkonce.td.*)

.tbss
 *(.tbss .tbss.* .gnu.linkonce.tb.*)
 *(.tcommon)

.preinit_array  0x000000000100c000        0x0
                0x000000000100c000                PROVIDE (__preinit_array_start, .)
 *(.preinit_array)
                0x000000000100c000                PROVIDE (__preinit_array_end, .)

.init_array     0x000000000100c000        0x0
                0x000000000100c000                PROVIDE (__init_array_start, .)
 *(SORT(.init_array.*))
 *(.init_array)
                0x000000000100c000                PROVIDE (__init_array_end, .)

.fini_array     0x000000000100c000        0x0
                0x000000000100c000                PROVIDE (__fini_array_start, .)
 *(.fini_array)
 *(SORT(.fini_array.*))
                0x000000000100c000                PROVIDE (__fini_array_end, .)

.ctors
 *crtbegin.o(.ctors)
 *crtbegin?.o(.ctors)
 *(EXCLUDE_FILE(*crtend?.o *crtend.o) .ctors)
 *(SORT(.ctors.*))
 *(.ctors)

.dtors
 *crtbegin.o(.dtors)
 *crtbegin?.o(.dtors)
 *(EXCLUDE_FILE(*crtend?.o *crtend.o) .dtors)
 *(SORT(.dtors.*))
 *(.dtors)

.jcr
 *(.jcr)

.data.rel.ro
 *(.data.rel.ro.local* .gnu.linkonce.d.rel.ro.local.*)
 *(.data.rel.ro* .gnu.linkonce.d.rel.ro.*)

.dynamic
 *(.dynamic)

.got
 *(.got)
 *(.igot)
                0x000000000100c000                . = (. DATA_SEGMENT_RELRO_END 0xc)

.got.plt        0x000000000100c000        0x0
 *(.got.plt)
 *(.igot.plt)
 .igot.plt      0x0000000000000000        0x0 kernel/_start.o

.data           0x000000000100c000      0x84c
 *(.data .data.* .gnu.linkonce.d.*)
 .data          0x000000000100c000        0xc kernel/kmain.o
                0x000000000100c000                gdt_ptr
                0x000000000100c008                fool_version
 .data          0x000000000100c00c        0x6 kernel/int.o
                0x000000000100c00c                idt_ptr
 *fill*         0x000000000100c012        0x2 00
 .data          0x000000000100c014        0x0 kernel/kmodel.o
 .data          0x000000000100c014        0x4 kernel/printk.o
                0x000000000100c014                pvga
 .data          0x000000000100c018        0x0 kernel/schedu.o
 .data          0x000000000100c018        0x0 kernel/8259a.o
 .data          0x000000000100c018        0x0 kernel/signal.o
 .data          0x000000000100c018        0x0 kernel/time.o
 .data          0x000000000100c018        0x0 kernel/cache.o
 .data          0x000000000100c018        0x0 kernel/exec.o
 .data          0x000000000100c018        0x4 mm/kmalloc.o
                0x000000000100c018                pool
 .data          0x000000000100c01c        0x0 mm/mm.o
 .data          0x000000000100c01c        0x8 mm/page.o
 *fill*         0x000000000100c024       0x1c 00
 .data          0x000000000100c040       0xe0 drivers/ide.o
                0x000000000100c040                ide_primary_r
                0x000000000100c058                ide_primary_w
                0x000000000100c070                ide_secondy_r
                0x000000000100c088                ide_secondy_w
                0x000000000100c0a0                ide_packet_name
 .data          0x000000000100c120      0x600 drivers/keymap_US.o
                0x000000000100c120                keymap
 .data          0x000000000100c720       0x34 drivers/keyboard.o
                0x000000000100c720                keyboardname
                0x000000000100c724                keyboard_fop
                0x000000000100c740                keyboard_dev
                0x000000000100c748                keyboard_drv
 .data          0x000000000100c754       0x60 drivers/console.o
                0x000000000100c754                console_fp
                0x000000000100c770                dev_tty1
                0x000000000100c778                dev_tty2
                0x000000000100c780                dev_tty3
                0x000000000100c788                dev_tty4
                0x000000000100c790                dev_stdin
                0x000000000100c798                dev_stdout
                0x000000000100c7a0                dev_stderr
                0x000000000100c7a8                console_drv
 .data          0x000000000100c7b4       0x2c drivers/vga.o
                0x000000000100c7b4                vga_fop
                0x000000000100c7d0                vga_pivat
 .data          0x000000000100c7e0       0x6c fs/mfs/mfs.o
                0x000000000100c7e0                mfs_fop
                0x000000000100c800                mfs_dop
                0x000000000100c830                mfs_struct
 .data          0x000000000100c84c        0x0 lib//libcrt.a(string.o)
 .data          0x000000000100c84c        0x0 lib//libcrt.a(stdlib.o)
 .data          0x000000000100c84c        0x0 lib//libcrt.a(bits.o)

.data1
 *(.data1)
                0x000000000100c84c                _edata = .
                0x000000000100c84c                PROVIDE (edata, .)
                0x000000000100c84c                __bss_start = .

.bss            0x000000000100c860     0xd274
 *(.dynbss)
 *(.bss .bss.* .gnu.linkonce.b.*)
 .bss           0x000000000100c860     0x6000 kernel/_start.o
                0x000000000100c860                _kstack
                0x000000000100e860                kstacktop
                0x000000000100e860                _kintstack
                0x0000000001010860                _kexpstack
                0x0000000001010860                kintstacktop
                0x0000000001012860                kexpstacktop
 .bss           0x0000000001012860       0xac kernel/kmain.o
                0x0000000001012860                gdt
                0x00000000010128a0                tss
 *fill*         0x000000000101290c       0x14 00
 .bss           0x0000000001012920     0x1058 kernel/int.o
                0x0000000001012920                irqtable
                0x0000000001013118                clicnt
                0x000000000101311c                system_entry
                0x000000000101312c                ps_entry
                0x0000000001013140                file_entry
                0x000000000101316c                mm_entry
 *fill*         0x0000000001013978        0x8 00
 .bss           0x0000000001013980     0x24e8 kernel/kmodel.o
                0x0000000001013980                devroot
                0x0000000001014820                module_head
                0x0000000001014824                lck_module_head
                0x0000000001014828                moudule_cnt
                0x0000000001014840                fs_table
                0x0000000001014c40                device_head
                0x0000000001015d40                lck_device
                0x0000000001015d60                driver_head
                0x0000000001015e60                irhead
                0x0000000001015e64                irlck
 *fill*         0x0000000001015e68       0x18 00
 .bss           0x0000000001015e80      0x408 kernel/printk.o
                0x0000000001015e80                kbuf
                0x0000000001016280                kx
                0x0000000001016281                ky
                0x0000000001016284                klock
 *fill*         0x0000000001016288       0x18 00
 .bss           0x00000000010162a0     0x15e0 kernel/schedu.o
                0x00000000010162a0                tsk_running
                0x00000000010162a4                thr_running
                0x00000000010162c0                Core
                0x0000000001016820                Pcore
 .bss           0x0000000001017880        0x0 kernel/8259a.o
 .bss           0x0000000001017880        0x0 kernel/signal.o
 .bss           0x0000000001017880        0x0 kernel/time.o
 .bss           0x0000000001017880       0xa8 kernel/cache.o
                0x0000000001017880                cdir
                0x00000000010178c0                cinode
                0x0000000001017900                cfile
 .bss           0x0000000001017928        0x0 kernel/exec.o
 .bss           0x0000000001017928        0x0 mm/kmalloc.o
 .bss           0x0000000001017928        0x0 mm/mm.o
 .bss           0x0000000001017928        0x4 mm/page.o
 *fill*         0x000000000101792c       0x14 00
 .bss           0x0000000001017940      0xb54 drivers/ide.o
                0x0000000001017940                ide0_rwbuffer
                0x0000000001017b40                ide0_buf_rwlck
                0x0000000001017b60                ide1_rwbuffer
                0x0000000001017d60                ide1_buf_rwlck
                0x0000000001017d80                ide_dev
 .bss           0x0000000001018494        0x0 drivers/keymap_US.o
 .bss           0x0000000001018494        0x0 drivers/keyboard.o
 .bss           0x0000000001018494        0x0 drivers/console.o
 .bss           0x0000000001018494       0x14 drivers/vga.o
                0x0000000001018494                vga_dev
                0x000000000101849c                vga_drv
 *fill*         0x00000000010184a8       0x18 00
 .bss           0x00000000010184c0       0x28 fs/mfs/mfs.o
                0x00000000010184c0                cmfs
 .bss           0x00000000010184e8        0x0 lib//libcrt.a(string.o)
 .bss           0x00000000010184e8        0x0 lib//libcrt.a(stdlib.o)
 .bss           0x00000000010184e8        0x0 lib//libcrt.a(bits.o)
 *(COMMON)
 *fill*         0x00000000010184e8       0x18 00
 COMMON         0x0000000001018500     0x15c0 kernel/schedu.o
                0x0000000001018500                Init
                0x0000000001018a60                Pinit
 COMMON         0x0000000001019ac0       0x14 drivers/keyboard.o
                0x0000000001019ac0                keystatus
                0x0000000001019ad4                . = ALIGN ((. != 0x0)?0x4:0x1)
                0x0000000001019ad4                . = ALIGN (0x4)
                0x0000000001019ad4                . = ALIGN (0x4)
                0x0000000001019ad4                _end = .
                0x0000000001019ad4                PROVIDE (end, .)
                0x0000000001019ad4                . = DATA_SEGMENT_END (.)

.stab
 *(.stab)

.stabstr
 *(.stabstr)

.stab.excl
 *(.stab.excl)

.stab.exclstr
 *(.stab.exclstr)

.stab.index
 *(.stab.index)

.stab.indexstr
 *(.stab.indexstr)

.comment        0x0000000000000000       0x1c
 *(.comment)
 .comment       0x0000000000000000       0x1c kernel/kmain.o
                                         0x1d (size before relaxing)
 .comment       0x0000000000000000       0x1d kernel/int.o
 .comment       0x0000000000000000       0x1d kernel/kmodel.o
 .comment       0x0000000000000000       0x1d kernel/printk.o
 .comment       0x0000000000000000       0x1d kernel/schedu.o
 .comment       0x0000000000000000       0x1d kernel/8259a.o
 .comment       0x0000000000000000       0x1d kernel/signal.o
 .comment       0x0000000000000000       0x1d kernel/time.o
 .comment       0x0000000000000000       0x1d kernel/cache.o
 .comment       0x0000000000000000       0x1d kernel/exec.o
 .comment       0x0000000000000000       0x1d mm/kmalloc.o
 .comment       0x0000000000000000       0x1d mm/mm.o
 .comment       0x0000000000000000       0x1d mm/page.o
 .comment       0x0000000000000000       0x1d drivers/ide.o
 .comment       0x0000000000000000       0x1d drivers/keymap_US.o
 .comment       0x0000000000000000       0x1d drivers/keyboard.o
 .comment       0x0000000000000000       0x1d drivers/console.o
 .comment       0x0000000000000000       0x1d drivers/vga.o
 .comment       0x0000000000000000       0x1d fs/mfs/mfs.o
 .comment       0x0000000000000000       0x1d lib//libcrt.a(string.o)
 .comment       0x0000000000000000       0x1d lib//libcrt.a(stdlib.o)
 .comment       0x0000000000000000       0x1d lib//libcrt.a(bits.o)

.debug
 *(.debug)

.line
 *(.line)

.debug_srcinfo
 *(.debug_srcinfo)

.debug_sfnames
 *(.debug_sfnames)

.debug_aranges
 *(.debug_aranges)

.debug_pubnames
 *(.debug_pubnames)

.debug_info
 *(.debug_info .gnu.linkonce.wi.*)

.debug_abbrev
 *(.debug_abbrev)

.debug_line
 *(.debug_line)

.debug_frame
 *(.debug_frame)

.debug_str
 *(.debug_str)

.debug_loc
 *(.debug_loc)

.debug_macinfo
 *(.debug_macinfo)

.debug_weaknames
 *(.debug_weaknames)

.debug_funcnames
 *(.debug_funcnames)

.debug_typenames
 *(.debug_typenames)

.debug_varnames
 *(.debug_varnames)

.debug_pubtypes
 *(.debug_pubtypes)

.debug_ranges
 *(.debug_ranges)

.gnu.attributes
 *(.gnu.attributes)

/DISCARD/
 *(.note.GNU-stack)
 *(.gnu_debuglink)
 *(.gnu.lto_*)
OUTPUT(KFOOL elf32-i386)
