Archive member included because of file (symbol)

.obj/libdcrt.a(dstring.o)     kernel/kmodel.o (memcpy)
.obj/libdcrt.a(dstdlib.o)     kernel/int.o (atoi)
.obj/libdcrt.a(dbits.o)       kernel/cache.o (bitset)

Allocating common symbols
Common symbol       size              file

Init                0x550             kernel/schedu.o
Pinit               0x1060            kernel/schedu.o
keystatus           0x14              drivers/keyboard.o

Discarded input sections

 .note.GNU-stack
                0x0000000000000000        0x0 kernel/kmain.o
 .note.GNU-stack
                0x0000000000000000        0x0 kernel/int.o
 .note.GNU-stack
                0x0000000000000000        0x0 kernel/kmodel.o
 .note.GNU-stack
                0x0000000000000000        0x0 kernel/printk.o
 .note.GNU-stack
                0x0000000000000000        0x0 kernel/schedu.o
 .note.GNU-stack
                0x0000000000000000        0x0 kernel/8259a.o
 .note.GNU-stack
                0x0000000000000000        0x0 kernel/signal.o
 .note.GNU-stack
                0x0000000000000000        0x0 kernel/time.o
 .note.GNU-stack
                0x0000000000000000        0x0 kernel/cache.o
 .note.GNU-stack
                0x0000000000000000        0x0 kernel/exec.o
 .note.GNU-stack
                0x0000000000000000        0x0 mm/kmalloc.o
 .note.GNU-stack
                0x0000000000000000        0x0 mm/mm.o
 .note.GNU-stack
                0x0000000000000000        0x0 mm/page.o
 .note.GNU-stack
                0x0000000000000000        0x0 drivers/ide.o
 .note.GNU-stack
                0x0000000000000000        0x0 drivers/keymap_US.o
 .note.GNU-stack
                0x0000000000000000        0x0 drivers/keyboard.o
 .note.GNU-stack
                0x0000000000000000        0x0 drivers/console.o
 .note.GNU-stack
                0x0000000000000000        0x0 drivers/vga.o
 .note.GNU-stack
                0x0000000000000000        0x0 fs/mfs/mfs.o
 .debug_info    0x0000000000000000      0x83e .obj/libdcrt.a(dstring.o)
 .debug_abbrev  0x0000000000000000       0xea .obj/libdcrt.a(dstring.o)
 .debug_loc     0x0000000000000000      0x5e8 .obj/libdcrt.a(dstring.o)
 .debug_aranges
                0x0000000000000000       0x20 .obj/libdcrt.a(dstring.o)
 .debug_line    0x0000000000000000      0x302 .obj/libdcrt.a(dstring.o)
 .debug_str     0x0000000000000000      0x189 .obj/libdcrt.a(dstring.o)
 .note.GNU-stack
                0x0000000000000000        0x0 .obj/libdcrt.a(dstring.o)
 .debug_info    0x0000000000000000      0x576 .obj/libdcrt.a(dstdlib.o)
 .debug_abbrev  0x0000000000000000      0x132 .obj/libdcrt.a(dstdlib.o)
 .debug_loc     0x0000000000000000      0x268 .obj/libdcrt.a(dstdlib.o)
 .debug_aranges
                0x0000000000000000       0x20 .obj/libdcrt.a(dstdlib.o)
 .debug_line    0x0000000000000000      0x26f .obj/libdcrt.a(dstdlib.o)
 .debug_str     0x0000000000000000      0x124 .obj/libdcrt.a(dstdlib.o)
 .note.GNU-stack
                0x0000000000000000        0x0 .obj/libdcrt.a(dstdlib.o)
 .debug_info    0x0000000000000000      0x272 .obj/libdcrt.a(dbits.o)
 .debug_abbrev  0x0000000000000000       0xcd .obj/libdcrt.a(dbits.o)
 .debug_loc     0x0000000000000000      0x1c0 .obj/libdcrt.a(dbits.o)
 .debug_aranges
                0x0000000000000000       0x20 .obj/libdcrt.a(dbits.o)
 .debug_line    0x0000000000000000       0x75 .obj/libdcrt.a(dbits.o)
 .debug_str     0x0000000000000000      0x104 .obj/libdcrt.a(dbits.o)
 .note.GNU-stack
                0x0000000000000000        0x0 .obj/libdcrt.a(dbits.o)

Memory Configuration

Name             Origin             Length             Attributes
*default*        0x0000000000000000 0xffffffffffffffff

Linker script and memory map

LOAD kernel/_start.o
LOAD kernel/kmain.o
LOAD kernel/fool.o
LOAD kernel/int.o
LOAD kernel/kmodel.o
LOAD kernel/kroute.o
LOAD kernel/printk.o
LOAD kernel/schedu.o
LOAD kernel/8259a.o
LOAD kernel/signal.o
LOAD kernel/time.o
LOAD kernel/cache.o
LOAD kernel/exec.o
LOAD mm/kmalloc.o
LOAD mm/mm.o
LOAD mm/page.o
LOAD drivers/ide.o
LOAD drivers/keymap_US.o
LOAD drivers/keyboard.o
LOAD drivers/console.o
LOAD drivers/vga.o
LOAD fs/mfs/mfs.o
LOAD .obj/libdcrt.a
Address of section .text set to 0x1001000
                0x0000000008048000                PROVIDE (__executable_start, 0x8048000)
                0x0000000008048094                . = (0x8048000 + SIZEOF_HEADERS)

.interp
 *(.interp)

.note.gnu.build-id
 *(.note.gnu.build-id)

.hash
 *(.hash)

.gnu.hash
 *(.gnu.hash)

.dynsym
 *(.dynsym)

.dynstr
 *(.dynstr)

.gnu.version
 *(.gnu.version)

.gnu.version_d
 *(.gnu.version_d)

.gnu.version_r
 *(.gnu.version_r)

.rel.dyn        0x0000000008048094        0x0
 *(.rel.init)
 *(.rel.text .rel.text.* .rel.gnu.linkonce.t.*)
 .rel.text      0x0000000000000000        0x0 kernel/_start.o
 *(.rel.fini)
 *(.rel.rodata .rel.rodata.* .rel.gnu.linkonce.r.*)
 *(.rel.data.rel.ro* .rel.gnu.linkonce.d.rel.ro.*)
 *(.rel.data .rel.data.* .rel.gnu.linkonce.d.*)
 *(.rel.tdata .rel.tdata.* .rel.gnu.linkonce.td.*)
 *(.rel.tbss .rel.tbss.* .rel.gnu.linkonce.tb.*)
 *(.rel.ctors)
 *(.rel.dtors)
 *(.rel.got)
 *(.rel.bss .rel.bss.* .rel.gnu.linkonce.b.*)
 *(.rel.ifunc)

.rel.plt        0x0000000008048094        0x0
 *(.rel.plt)
                0x0000000008048094                PROVIDE (__rel_iplt_start, .)
 *(.rel.iplt)
 .rel.iplt      0x0000000000000000        0x0 kernel/_start.o
                0x0000000008048094                PROVIDE (__rel_iplt_end, .)

.init
 *(.init)

.plt            0x00000000080480a0        0x0
 *(.plt)
 *(.iplt)
 .iplt          0x0000000000000000        0x0 kernel/_start.o

.text           0x0000000001001000     0x9269
 *(.text.unlikely .text.*_unlikely)
 *(.text.exit .text.exit.*)
 *(.text.startup .text.startup.*)
 *(.text.hot .text.hot.*)
 *(.text .stub .text.* .gnu.linkonce.t.*)
 .text          0x0000000001001000       0x49 kernel/_start.o
                0x0000000001001000                _start
 *fill*         0x0000000001001049        0x3 90909090
 .text          0x000000000100104c      0x355 kernel/kmain.o
                0x000000000100104c                kmain
                0x000000000100116b                mkdescriptor
                0x00000000010011d7                seg2phys
                0x0000000001001226                doshift
 *fill*         0x00000000010013a1        0xf 90909090
 .text          0x00000000010013b0      0x1bc kernel/fool.o
                0x00000000010013b0                asm_set_ds
                0x00000000010013be                asm_set_es
                0x00000000010013cc                asm_set_gs
                0x00000000010013da                asm_set_fs
                0x00000000010013e8                asm_lidt
                0x00000000010013f1                asm_ltr
                0x0000000001001400                asm_sgdt
                0x0000000001001409                asm_sti
                0x000000000100140b                asm_cli
                0x000000000100140d                asm_hlt
                0x000000000100140f                asm_inb
                0x000000000100141f                asm_inw
                0x000000000100142e                asm_ind
                0x000000000100143c                asm_insb
                0x000000000100144f                asm_insw
                0x0000000001001463                asm_insd
                0x0000000001001476                asm_outb
                0x0000000001001489                asm_outw
                0x000000000100149e                asm_outd
                0x00000000010014b1                asm_outsb
                0x00000000010014c4                asm_outsw
                0x00000000010014d8                asm_outsd
                0x00000000010014eb                asm_inputs
                0x0000000001001506                asm_outputs
                0x0000000001001521                asm_save_exp_irq
                0x0000000001001522                asm_save_hw_irq
                0x0000000001001523                asm_rdtsc
                0x0000000001001526                asm_cr3
                0x0000000001001533                asm_enable_paging
                0x0000000001001541                asm_readcmos
 .text          0x000000000100156c      0xe4a kernel/int.o
                0x000000000100156c                sti
                0x000000000100158f                cli
                0x00000000010015b3                _exphandle8_
                0x00000000010015ea                irqrouterinit
                0x0000000001001a9b                unrouted_handle
                0x0000000001001b11                irq_routehandle
                0x0000000001001b71                exp_routehandle
                0x0000000001001bed                hwregistehandle
                0x0000000001001c4b                hwunregistehandle
                0x0000000001001ccd                expregistehandle
                0x0000000001001d1f                expunregistehandle
                0x0000000001001da1                init_idt_desc
                0x0000000001001e11                loadidtr
                0x0000000001001e25                sys_call_handle
                0x0000000001001f51                wrong_syscall_entry
                0x0000000001001f5b                sys_version
                0x0000000001001f65                sys_chroot
                0x0000000001001f6f                sys_mount
                0x0000000001001f79                sys_umount
                0x0000000001001f83                sys_execl
                0x0000000001001f8d                sys_execv
                0x0000000001001f97                sys_exit
                0x0000000001001fa1                sys_open
                0x0000000001002141                sys_write
                0x00000000010021cf                sys_read
                0x000000000100225d                sys_close
                0x0000000001002267                sys_ioctl
                0x0000000001002271                sys_create
                0x000000000100227b                sys_remove
                0x0000000001002285                sys_mkdir
                0x000000000100228f                sys_rmdir
                0x0000000001002299                sys_readdir
                0x00000000010022a3                sys_lookup
                0x00000000010022ad                sys_alloc
                0x00000000010022b7                sys_free
                0x00000000010022c1                sys_vmalloc
                0x00000000010022cb                sys_vmfree
                0x00000000010022d5                add_syscall_route_table
 *fill*         0x00000000010023b6        0x2 90909090
 .text          0x00000000010023b8     0x17e0 kernel/kmodel.o
                0x0000000001002439                register_fs
                0x000000000100247e                ioport_region_check
                0x000000000100253e                ioport_region_register
                0x0000000001002602                ioport_region_unregister
                0x00000000010026cd                dir_check_coredir
                0x00000000010027b6                dir_check_coreinode
                0x000000000100289c                dir_check_coreitem
                0x0000000001002938                dir_check_fsitem
                0x0000000001002996                dir_check_fsdir
                0x00000000010029e2                dir_check_fsinode
                0x0000000001002a2e                dir_check_item
                0x0000000001002aa0                dir_check_dir
                0x0000000001002b35                dir_check_inode
                0x0000000001002bca                dir_do_opendir
                0x0000000001002d6a                dir_do_openinode
                0x0000000001002ede                dir_do_opennewinode
                0x0000000001002fa0                dir_opendir_done
                0x0000000001003073                dir_openinode_done
                0x0000000001003135                dir_close_dir
                0x00000000010032da                dir_close_inode
                0x0000000001003489                sys_do_open
                0x000000000100362f                sys_check_taskfile
                0x00000000010036bc                sys_set_taskfile
                0x000000000100376d                sys_do_openfile
                0x00000000010038b1                register_device
                0x000000000100398d                unregister_device
                0x0000000001003a54                register_driver
                0x0000000001003aa5                unregister_driver
                0x0000000001003adf                find_device
                0x0000000001003b22                search_driver
                0x0000000001003b3e                find_driver
                0x0000000001003b54                load_driver
                0x0000000001003b5e                unload_driver
                0x0000000001003b68                model_startup
                0x0000000001003b72                module_init
 *fill*         0x0000000001003b98        0x8 90909090
 .text          0x0000000001003ba0     0x1127 kernel/kroute.o
                0x0000000001003ba0                divide_error
                0x0000000001003c30                single_step_exception
                0x0000000001003cc0                nmi
                0x0000000001003d50                breakpoint_exception
                0x0000000001003de0                overflow
                0x0000000001003e70                bounds_check
                0x0000000001003f00                inval_opcode
                0x0000000001003f90                copr_not_available
                0x0000000001004020                double_fault
                0x00000000010040b1                copr_seg_overrun
                0x0000000001004141                inval_tss
                0x00000000010041d2                segment_not_present
                0x0000000001004263                stack_exception
                0x00000000010042f4                general_protection
                0x0000000001004385                page_fault
                0x0000000001004416                copr_error
                0x00000000010044a6                clock_hwint00
                0x0000000001004520                keyboard_hwint01
                0x000000000100459a                cascade_hwint02
                0x0000000001004614                second_serial_hwint03
                0x000000000100468e                first_serial_hwint04
                0x0000000001004708                XT_winchester_hwint05
                0x0000000001004782                floppy_hwint06
                0x00000000010047fc                printer_hwint07
                0x0000000001004876                realtime_clock_hwint08
                0x00000000010048f0                irq_2_redirected_hwint09
                0x000000000100496a                irq_10_hwint10
                0x00000000010049e4                irq_11_hwint11
                0x0000000001004a5e                PS_2_mourse_hwint12
                0x0000000001004ad8                FPU_exception_hwint13
                0x0000000001004b52                IDE0_hwint14
                0x0000000001004bcc                IDE1_hwint15
                0x0000000001004c46                asm_sys_call
                0x0000000001004ca1                asm_restart
 *fill*         0x0000000001004cc7        0x1 90909090
 .text          0x0000000001004cc8      0x427 kernel/printk.o
                0x0000000001004cc8                printk
                0x0000000001004d7f                kprintf
                0x0000000001004ddb                vprintk
                0x0000000001005060                setcursor
 *fill*         0x00000000010050ef        0x1 90909090
 .text          0x00000000010050f0      0x22a kernel/schedu.o
                0x00000000010050f0                kschedu
                0x00000000010050f5                kscheduinit
                0x000000000100521e                save_stack_fram
                0x0000000001005248                restor_stack_fram
                0x0000000001005271                file_threadregister
 *fill*         0x000000000100531a        0x2 90909090
 .text          0x000000000100531c      0x1e2 kernel/8259a.o
                0x000000000100531c                init8259A
                0x00000000010053ec                _8259Asti
                0x0000000001005476                _8259Acli
 *fill*         0x00000000010054fe        0x2 90909090
 .text          0x0000000001005500       0x96 kernel/signal.o
                0x0000000001005500                createmutex
                0x000000000100550a                destroymutex
                0x0000000001005514                waitformutex
                0x000000000100554b                releasemutex
                0x0000000001005582                wait
                0x000000000100558c                signal
 *fill*         0x0000000001005596        0x2 90909090
 .text          0x0000000001005598      0x228 kernel/time.o
                0x0000000001005598                getsystime
                0x0000000001005720                gettime
                0x0000000001005766                getdate
 .text          0x00000000010057c0      0x326 kernel/cache.o
                0x00000000010057c0                kcache_create
                0x000000000100586f                kcache_destroy
                0x00000000010058a3                kcache_malloc
                0x0000000001005959                kcache_free
                0x00000000010059cd                cache_init
                0x0000000001005a59                dir_cache_alloc
                0x0000000001005a6d                inode_cache_alloc
                0x0000000001005a81                file_cache_alloc
                0x0000000001005a95                dir_cache_free
                0x0000000001005ab0                inode_cache_free
                0x0000000001005acb                file_cache_free
 *fill*         0x0000000001005ae6        0x2 90909090
 .text          0x0000000001005ae8       0x26 kernel/exec.o
                0x0000000001005ae8                do_execl
                0x0000000001005afb                do_execv
 *fill*         0x0000000001005b0e        0x2 90909090
 .text          0x0000000001005b10       0x4a mm/kmalloc.o
                0x0000000001005b10                kmalloc
                0x0000000001005b55                kfree
 *fill*         0x0000000001005b5a        0x2 90909090
 .text          0x0000000001005b5c      0x5b8 mm/mm.o
                0x0000000001005b5c                mm_inipool
                0x0000000001005bea                mm_malloc
                0x0000000001005c3e                mm_free
                0x00000000010060d8                mm_appendpool
 .text          0x0000000001006114      0x8bf mm/page.o
                0x0000000001006190                startpage
                0x0000000001006286                allocpage
                0x00000000010062ce                freepage
                0x00000000010062ea                pmap
                0x00000000010063ee                publicmap16M2to32M
                0x0000000001006459                allocspace
                0x000000000100654e                cp2user
                0x0000000001006628                cpfromuser
                0x0000000001006702                strncpfromuser
                0x00000000010067e9                strncp2user
                0x00000000010068d0                cpbyte2user
                0x00000000010068ff                cpword2user
                0x000000000100692f                cpdword2user
                0x0000000001006958                cpbytefromuser
                0x0000000001006981                cpwordfromuser
                0x00000000010069aa                cpdwordfromuser
 *fill*         0x00000000010069d3        0x1 90909090
 .text          0x00000000010069d4      0x82b drivers/ide.o
                0x00000000010069d4                ide0_handle
                0x0000000001006a3f                ide1_handle
                0x0000000001006aaa                ide_wait_interrupt
                0x0000000001006b4a                ide_wait_status
                0x0000000001006bec                ide_exec_cmd
                0x0000000001006d4b                ide_read_sct
                0x0000000001006f1c                ide_write_sct
                0x0000000001007104                ide_struct_alloc
                0x000000000100717a                ide_device_scan_partation
                0x000000000100717f                ide_device_scan
                0x0000000001007184                ide_open
                0x000000000100718e                ide_ioctl
                0x0000000001007198                ide_read
                0x00000000010071a0                ide_write
                0x00000000010071a8                ide_c_read
                0x00000000010071b0                ide_c_write
                0x00000000010071b8                ide_startup
 *fill*         0x00000000010071ff        0x1 90909090
 .text          0x0000000001007200        0x0 drivers/keymap_US.o
 .text          0x0000000001007200      0x63b drivers/keyboard.o
                0x0000000001007200                keyboard_startup
                0x0000000001007269                init8042
                0x000000000100727d                _8042readscancode
                0x0000000001007291                _8042cmdmourse
                0x00000000010072ad                _8042setresolution1x1
                0x00000000010072ce                _8042setresolution2x1
                0x00000000010072ef                _8042setresolution
                0x000000000100732a                _8042getmourseinfo
                0x0000000001007393                _8042setled
                0x00000000010073cc                _8042detect
                0x00000000010073f4                _8042keyboardenable
                0x0000000001007410                _8042mourseenable
                0x0000000001007431                keyboardhandle
                0x0000000001007605                makescancode
                0x0000000001007761                keyboard_open
                0x000000000100776b                keyboard_close
                0x0000000001007775                keyboard_read
                0x00000000010077e6                keyboard_ioctl
                0x00000000010077f0                keyboard_kread
 *fill*         0x000000000100783b        0x1 90909090
 .text          0x000000000100783c       0xae drivers/console.o
                0x000000000100783c                tty_startup
                0x00000000010078a4                console_open
                0x00000000010078ae                console_close
                0x00000000010078b8                console_read
                0x00000000010078c2                console_write
                0x00000000010078cc                console_ioctl
                0x00000000010078d6                console_kread
                0x00000000010078e0                console_kwrite
 *fill*         0x00000000010078ea        0x2 90909090
 .text          0x00000000010078ec      0x50b drivers/vga.o
                0x000000000100792d                vga_startup
                0x000000000100799a                vga_open
                0x00000000010079a4                vga_close
                0x00000000010079ae                vga_read
                0x0000000001007a0a                vga_write
                0x0000000001007a66                vga_ioctl
                0x0000000001007b08                vga_kread
                0x0000000001007b57                vga_kwrite
                0x0000000001007ba6                vga_reset
                0x0000000001007bfa                vga_eraselines
                0x0000000001007c9b                vga_erasearea
                0x0000000001007cb6                vga_setdisline
                0x0000000001007d51                vga_setcursorpos
                0x0000000001007de3                vga_hidecursor
                0x0000000001007ded                vga_showcursor
 *fill*         0x0000000001007df7        0x1 90909090
 .text          0x0000000001007df8     0x1098 fs/mfs/mfs.o
                0x0000000001007df8                mfs_startup
                0x0000000001007e20                mfs_mount
                0x0000000001007eec                mfs_umount
                0x0000000001007f32                mfs_mkfs
                0x0000000001008138                mfs_open
                0x0000000001008142                mfs_close
                0x000000000100814c                mfs_mknode
                0x00000000010082ac                mfs_touch
                0x0000000001008406                mfs_mkdir
                0x0000000001008560                mfs_readitem
                0x0000000001008630                mfs_readattrib
                0x00000000010086ff                mfsr_device
                0x000000000100876a                mfsr_device_ex
                0x000000000100885f                mfsw_device
                0x00000000010088ca                mfsw_device_ex
                0x00000000010089ee                mfsr_superblk
                0x0000000001008a20                mfsw_superblk
                0x0000000001008a52                mfs_function
                0x0000000001008c7a                mfs_ex_mkmfsinode
                0x0000000001008cbf                mfs_ex_rmmfsinode
                0x0000000001008d44                mfs_ex_searchitem
                0x0000000001008dae                mfs_ex_searchitem_ex
                0x0000000001008e26                mfs_ex_updatefsinode
 .text          0x0000000001008e90      0x8dc .obj/libdcrt.a(dstring.o)
                0x0000000001008e90                memcpy
                0x0000000001008ece                memmove
                0x0000000001008f59                memset
                0x0000000001008f92                strcat
                0x0000000001008fdf                strcmp
                0x000000000100902a                strcpy
                0x0000000001009063                strlen
                0x0000000001009091                strncmp
                0x00000000010090eb                strncpy
                0x0000000001009133                strnlen
                0x000000000100916c                strstr
                0x00000000010091fd                tolower
                0x0000000001009251                tonlower
                0x00000000010092b4                tonupper
                0x0000000001009317                toupper
                0x000000000100936b                wstrcat
                0x00000000010093bb                wstrcmp
                0x0000000001009407                wstrcpy
                0x0000000001009442                wstrlen
                0x0000000001009471                wstrncmp
                0x00000000010094cc                wstrncpy
                0x0000000001009516                wstrnlen
                0x0000000001009550                wstrstr
                0x00000000010095e6                wtolower
                0x0000000001009640                wtonlower
                0x00000000010096a9                wtonupper
                0x0000000001009712                wtoupper
 .text          0x000000000100976c      0x9a9 .obj/libdcrt.a(dstdlib.o)
                0x000000000100976c                atoi
                0x000000000100990b                itoa
                0x0000000001009a3d                itox
                0x0000000001009aec                itob
                0x0000000001009b36                atoll
                0x0000000001009dae                lltoa
                0x0000000001009dc7                lltox
                0x0000000001009de0                var_arg
                0x0000000001009e31                vsprintf
                0x0000000001009fcd                sprintf
                0x000000000100a00b                detach_node
 *fill*         0x000000000100a115        0x3 90909090
 .text          0x000000000100a118      0x151 .obj/libdcrt.a(dbits.o)
                0x000000000100a118                bitset
                0x000000000100a14d                bitclean
                0x000000000100a17e                bitsset
                0x000000000100a183                bitsclean
                0x000000000100a191                bitread
                0x000000000100a1bb                bitrevers
                0x000000000100a1f0                test0andset
                0x000000000100a22c                test1andset
 *(.gnu.warning)

.fini
 *(.fini)
                0x000000000100a269                PROVIDE (__etext, .)
                0x000000000100a269                PROVIDE (_etext, .)
                0x000000000100a269                PROVIDE (etext, .)

.rodata         0x000000000100a26c      0x428
 *(.rodata .rodata.* .gnu.linkonce.r.*)
 .rodata        0x000000000100a26c       0x55 kernel/kmain.o
 *fill*         0x000000000100a2c1        0x3 00
 .rodata        0x000000000100a2c4       0xa1 kernel/int.o
 .rodata        0x000000000100a365        0xd kernel/kmodel.o
 .rodata        0x000000000100a372        0xa kernel/printk.o
 .rodata        0x000000000100a37c        0x6 kernel/schedu.o
 .rodata        0x000000000100a382       0x19 kernel/signal.o
 .rodata        0x000000000100a39b        0xd mm/page.o
 .rodata        0x000000000100a3a8      0x242 drivers/ide.o
 .rodata        0x000000000100a5ea       0x18 drivers/keyboard.o
 .rodata        0x000000000100a602        0xc drivers/console.o
 *fill*         0x000000000100a60e        0x2 00
 .rodata        0x000000000100a610       0x3d drivers/vga.o
 *fill*         0x000000000100a64d        0x3 00
 .rodata        0x000000000100a650       0x38 fs/mfs/mfs.o
 .rodata        0x000000000100a688        0xc .obj/libdcrt.a(dstdlib.o)

.rodata1
 *(.rodata1)

.eh_frame_hdr
 *(.eh_frame_hdr)

.eh_frame       0x000000000100a694     0x22dc
 *(.eh_frame)
 .eh_frame      0x000000000100a694       0x94 kernel/kmain.o
 .eh_frame      0x000000000100a728      0x4d4 kernel/int.o
                                        0x4ec (size before relaxing)
 .eh_frame      0x000000000100abfc      0x4c0 kernel/kmodel.o
                                        0x4d8 (size before relaxing)
 .eh_frame      0x000000000100b0bc       0x88 kernel/printk.o
                                         0xa0 (size before relaxing)
 .eh_frame      0x000000000100b144       0xa0 kernel/schedu.o
                                         0xb8 (size before relaxing)
 .eh_frame      0x000000000100b1e4       0x70 kernel/8259a.o
                                         0x88 (size before relaxing)
 .eh_frame      0x000000000100b254       0xc0 kernel/signal.o
                                         0xd8 (size before relaxing)
 .eh_frame      0x000000000100b314       0x68 kernel/time.o
                                         0x80 (size before relaxing)
 .eh_frame      0x000000000100b37c      0x160 kernel/cache.o
                                        0x178 (size before relaxing)
 .eh_frame      0x000000000100b4dc       0x40 kernel/exec.o
                                         0x58 (size before relaxing)
 .eh_frame      0x000000000100b51c       0x40 mm/kmalloc.o
                                         0x58 (size before relaxing)
 .eh_frame      0x000000000100b55c       0xb4 mm/mm.o
                                         0xcc (size before relaxing)
 .eh_frame      0x000000000100b610      0x2c0 mm/page.o
                                        0x2d8 (size before relaxing)
 .eh_frame      0x000000000100b8d0      0x224 drivers/ide.o
                                        0x23c (size before relaxing)
 .eh_frame      0x000000000100baf4      0x260 drivers/keyboard.o
                                        0x278 (size before relaxing)
 .eh_frame      0x000000000100bd54      0x100 drivers/console.o
                                        0x118 (size before relaxing)
 .eh_frame      0x000000000100be54      0x200 drivers/vga.o
                                        0x218 (size before relaxing)
 .eh_frame      0x000000000100c054      0x328 fs/mfs/mfs.o
                                        0x340 (size before relaxing)
 .eh_frame      0x000000000100c37c      0x360 .obj/libdcrt.a(dstring.o)
                                        0x378 (size before relaxing)
 .eh_frame      0x000000000100c6dc      0x170 .obj/libdcrt.a(dstdlib.o)
                                        0x188 (size before relaxing)
 .eh_frame      0x000000000100c84c      0x124 .obj/libdcrt.a(dbits.o)
                                        0x13c (size before relaxing)

.gcc_except_table
 *(.gcc_except_table .gcc_except_table.*)

.exception_ranges
 *(.exception_ranges .exception_ranges*)
                0x000000000100c970                . = (ALIGN (0x1000) - ((0x1000 - .) & 0xfff))
                0x000000000100d000                . = DATA_SEGMENT_ALIGN (0x1000, 0x1000)

.eh_frame
 *(.eh_frame)

.gcc_except_table
 *(.gcc_except_table .gcc_except_table.*)

.exception_ranges
 *(.exception_ranges .exception_ranges*)

.tdata
 *(.tdata .tdata.* .gnu.linkonce.td.*)

.tbss
 *(.tbss .tbss.* .gnu.linkonce.tb.*)
 *(.tcommon)

.preinit_array  0x000000000100d000        0x0
                0x000000000100d000                PROVIDE (__preinit_array_start, .)
 *(.preinit_array)
                0x000000000100d000                PROVIDE (__preinit_array_end, .)

.init_array     0x000000000100d000        0x0
                0x000000000100d000                PROVIDE (__init_array_start, .)
 *(SORT(.init_array.*) SORT(.ctors.*))
 *(.init_array)
 *(EXCLUDE_FILE(*crtend?.o *crtend.o *crtbegin?.o *crtbegin.o) .ctors)
                0x000000000100d000                PROVIDE (__init_array_end, .)

.fini_array     0x000000000100d000        0x0
                0x000000000100d000                PROVIDE (__fini_array_start, .)
 *(SORT(.fini_array.*) SORT(.dtors.*))
 *(.fini_array)
 *(EXCLUDE_FILE(*crtend?.o *crtend.o *crtbegin?.o *crtbegin.o) .dtors)
                0x000000000100d000                PROVIDE (__fini_array_end, .)

.ctors
 *crtbegin.o(.ctors)
 *crtbegin?.o(.ctors)
 *(EXCLUDE_FILE(*crtend?.o *crtend.o) .ctors)
 *(SORT(.ctors.*))
 *(.ctors)

.dtors
 *crtbegin.o(.dtors)
 *crtbegin?.o(.dtors)
 *(EXCLUDE_FILE(*crtend?.o *crtend.o) .dtors)
 *(SORT(.dtors.*))
 *(.dtors)

.jcr
 *(.jcr)

.data.rel.ro
 *(.data.rel.ro.local* .gnu.linkonce.d.rel.ro.local.*)
 *(.data.rel.ro* .gnu.linkonce.d.rel.ro.*)

.dynamic
 *(.dynamic)

.got
 *(.got)
 *(.igot)
                0x000000000100d000                . = DATA_SEGMENT_RELRO_END (., 0xc)

.got.plt        0x000000000100d000        0x0
 *(.got.plt)
 *(.igot.plt)
 .igot.plt      0x0000000000000000        0x0 kernel/_start.o

.data           0x000000000100d000      0x818
 *(.data .data.* .gnu.linkonce.d.*)
 .data          0x000000000100d000        0xc kernel/kmain.o
                0x000000000100d000                gdt_ptr
                0x000000000100d008                fool_version
 .data          0x000000000100d00c        0x6 kernel/int.o
                0x000000000100d00c                idt_ptr
 *fill*         0x000000000100d012        0x2 00
 .data          0x000000000100d014        0x0 kernel/kmodel.o
 .data          0x000000000100d014        0x4 kernel/printk.o
                0x000000000100d014                pvga
 .data          0x000000000100d018        0x0 kernel/schedu.o
 .data          0x000000000100d018        0x0 kernel/8259a.o
 .data          0x000000000100d018        0x0 kernel/signal.o
 .data          0x000000000100d018        0x0 kernel/time.o
 .data          0x000000000100d018        0x0 kernel/cache.o
 .data          0x000000000100d018        0x0 kernel/exec.o
 .data          0x000000000100d018        0x4 mm/kmalloc.o
                0x000000000100d018                pool
 .data          0x000000000100d01c        0x0 mm/mm.o
 .data          0x000000000100d01c        0x8 mm/page.o
 *fill*         0x000000000100d024       0x1c 00
 .data          0x000000000100d040       0xe0 drivers/ide.o
                0x000000000100d040                ide_primary_r
                0x000000000100d058                ide_primary_w
                0x000000000100d070                ide_secondy_r
                0x000000000100d088                ide_secondy_w
                0x000000000100d0a0                ide_packet_name
 .data          0x000000000100d120      0x600 drivers/keymap_US.o
                0x000000000100d120                keymap
 .data          0x000000000100d720       0x34 drivers/keyboard.o
                0x000000000100d720                keyboardname
                0x000000000100d724                keyboard_fop
                0x000000000100d740                keyboard_dev
                0x000000000100d748                keyboard_drv
 .data          0x000000000100d754       0x60 drivers/console.o
                0x000000000100d754                console_fp
                0x000000000100d770                dev_tty1
                0x000000000100d778                dev_tty2
                0x000000000100d780                dev_tty3
                0x000000000100d788                dev_tty4
                0x000000000100d790                dev_stdin
                0x000000000100d798                dev_stdout
                0x000000000100d7a0                dev_stderr
                0x000000000100d7a8                console_drv
 .data          0x000000000100d7b4       0x2c drivers/vga.o
                0x000000000100d7b4                vga_fop
                0x000000000100d7d0                vga_pivat
 .data          0x000000000100d7e0       0x38 fs/mfs/mfs.o
                0x000000000100d7e0                mfs_fop
                0x000000000100d7fc                mfs_struct
 .data          0x000000000100d818        0x0 .obj/libdcrt.a(dstring.o)
 .data          0x000000000100d818        0x0 .obj/libdcrt.a(dstdlib.o)
 .data          0x000000000100d818        0x0 .obj/libdcrt.a(dbits.o)

.data1
 *(.data1)
                0x000000000100d818                _edata = .
                0x000000000100d818                PROVIDE (edata, .)
                0x000000000100d818                __bss_start = .

.bss            0x000000000100d820     0xd274
 *(.dynbss)
 *(.bss .bss.* .gnu.linkonce.b.*)
 .bss           0x000000000100d820     0x6000 kernel/_start.o
                0x000000000100d820                _kstack
                0x000000000100f820                kstacktop
                0x000000000100f820                _kintstack
                0x0000000001011820                _kexpstack
                0x0000000001011820                kintstacktop
                0x0000000001013820                kexpstacktop
 .bss           0x0000000001013820       0xac kernel/kmain.o
                0x0000000001013820                gdt
                0x0000000001013860                tss
 *fill*         0x00000000010138cc       0x14 00
 .bss           0x00000000010138e0     0x1058 kernel/int.o
                0x00000000010138e0                irqtable
                0x00000000010140d8                clicnt
                0x00000000010140dc                system_entry
                0x00000000010140ec                ps_entry
                0x0000000001014100                file_entry
                0x000000000101412c                mm_entry
 *fill*         0x0000000001014938        0x8 00
 .bss           0x0000000001014940     0x24e8 kernel/kmodel.o
                0x0000000001014940                devroot
                0x00000000010157e0                module_head
                0x00000000010157e4                lck_module_head
                0x00000000010157e8                moudule_cnt
                0x0000000001015800                fs_table
                0x0000000001015c00                device_head
                0x0000000001016d00                lck_device
                0x0000000001016d20                driver_head
                0x0000000001016e20                irhead
                0x0000000001016e24                irlck
 *fill*         0x0000000001016e28       0x18 00
 .bss           0x0000000001016e40      0x408 kernel/printk.o
                0x0000000001016e40                kbuf
                0x0000000001017240                kx
                0x0000000001017241                ky
                0x0000000001017244                klock
 *fill*         0x0000000001017248       0x18 00
 .bss           0x0000000001017260     0x15e0 kernel/schedu.o
                0x0000000001017260                tsk_running
                0x0000000001017264                thr_running
                0x0000000001017280                Core
                0x00000000010177e0                Pcore
 .bss           0x0000000001018840        0x0 kernel/8259a.o
 .bss           0x0000000001018840        0x0 kernel/signal.o
 .bss           0x0000000001018840        0x0 kernel/time.o
 .bss           0x0000000001018840       0xa8 kernel/cache.o
                0x0000000001018840                cdir
                0x0000000001018880                cinode
                0x00000000010188c0                cfile
 .bss           0x00000000010188e8        0x0 kernel/exec.o
 .bss           0x00000000010188e8        0x0 mm/kmalloc.o
 .bss           0x00000000010188e8        0x0 mm/mm.o
 .bss           0x00000000010188e8        0x4 mm/page.o
 *fill*         0x00000000010188ec       0x14 00
 .bss           0x0000000001018900      0xb54 drivers/ide.o
                0x0000000001018900                ide0_rwbuffer
                0x0000000001018b00                ide0_buf_rwlck
                0x0000000001018b20                ide1_rwbuffer
                0x0000000001018d20                ide1_buf_rwlck
                0x0000000001018d40                ide_dev
 .bss           0x0000000001019454        0x0 drivers/keymap_US.o
 .bss           0x0000000001019454        0x0 drivers/keyboard.o
 .bss           0x0000000001019454        0x0 drivers/console.o
 .bss           0x0000000001019454       0x14 drivers/vga.o
                0x0000000001019454                vga_dev
                0x000000000101945c                vga_drv
 *fill*         0x0000000001019468       0x18 00
 .bss           0x0000000001019480       0x30 fs/mfs/mfs.o
                0x0000000001019480                mfs_dop
 .bss           0x00000000010194b0        0x0 .obj/libdcrt.a(dstring.o)
 .bss           0x00000000010194b0        0x0 .obj/libdcrt.a(dstdlib.o)
 .bss           0x00000000010194b0        0x0 .obj/libdcrt.a(dbits.o)
 *(COMMON)
 *fill*         0x00000000010194b0       0x10 00
 COMMON         0x00000000010194c0     0x15c0 kernel/schedu.o
                0x00000000010194c0                Init
                0x0000000001019a20                Pinit
 COMMON         0x000000000101aa80       0x14 drivers/keyboard.o
                0x000000000101aa80                keystatus
                0x000000000101aa94                . = ALIGN ((. != 0x0)?0x4:0x1)
                0x000000000101aa94                . = ALIGN (0x4)
                0x000000000101aa94                . = ALIGN (0x4)
                0x000000000101aa94                _end = .
                0x000000000101aa94                PROVIDE (end, .)
                0x000000000101aa94                . = DATA_SEGMENT_END (.)

.stab
 *(.stab)

.stabstr
 *(.stabstr)

.stab.excl
 *(.stab.excl)

.stab.exclstr
 *(.stab.exclstr)

.stab.index
 *(.stab.index)

.stab.indexstr
 *(.stab.indexstr)

.comment        0x0000000000000000       0x2a
 *(.comment)
 .comment       0x0000000000000000       0x2a kernel/kmain.o
                                         0x2b (size before relaxing)
 .comment       0x0000000000000000       0x2b kernel/int.o
 .comment       0x0000000000000000       0x2b kernel/kmodel.o
 .comment       0x0000000000000000       0x2b kernel/printk.o
 .comment       0x0000000000000000       0x2b kernel/schedu.o
 .comment       0x0000000000000000       0x2b kernel/8259a.o
 .comment       0x0000000000000000       0x2b kernel/signal.o
 .comment       0x0000000000000000       0x2b kernel/time.o
 .comment       0x0000000000000000       0x2b kernel/cache.o
 .comment       0x0000000000000000       0x2b kernel/exec.o
 .comment       0x0000000000000000       0x2b mm/kmalloc.o
 .comment       0x0000000000000000       0x2b mm/mm.o
 .comment       0x0000000000000000       0x2b mm/page.o
 .comment       0x0000000000000000       0x2b drivers/ide.o
 .comment       0x0000000000000000       0x2b drivers/keymap_US.o
 .comment       0x0000000000000000       0x2b drivers/keyboard.o
 .comment       0x0000000000000000       0x2b drivers/console.o
 .comment       0x0000000000000000       0x2b drivers/vga.o
 .comment       0x0000000000000000       0x2b fs/mfs/mfs.o
 .comment       0x0000000000000000       0x2b .obj/libdcrt.a(dstring.o)
 .comment       0x0000000000000000       0x2b .obj/libdcrt.a(dstdlib.o)
 .comment       0x0000000000000000       0x2b .obj/libdcrt.a(dbits.o)

.debug
 *(.debug)

.line
 *(.line)

.debug_srcinfo
 *(.debug_srcinfo)

.debug_sfnames
 *(.debug_sfnames)

.debug_aranges
 *(.debug_aranges)

.debug_pubnames
 *(.debug_pubnames)

.debug_info
 *(.debug_info .gnu.linkonce.wi.*)

.debug_abbrev
 *(.debug_abbrev)

.debug_line
 *(.debug_line)

.debug_frame
 *(.debug_frame)

.debug_str
 *(.debug_str)

.debug_loc
 *(.debug_loc)

.debug_macinfo
 *(.debug_macinfo)

.debug_weaknames
 *(.debug_weaknames)

.debug_funcnames
 *(.debug_funcnames)

.debug_typenames
 *(.debug_typenames)

.debug_varnames
 *(.debug_varnames)

.debug_pubtypes
 *(.debug_pubtypes)

.debug_ranges
 *(.debug_ranges)

.gnu.attributes
 *(.gnu.attributes)

/DISCARD/
 *(.note.GNU-stack)
 *(.gnu_debuglink)
 *(.gnu.lto_*)
OUTPUT(KFOOL elf32-i386)
